Archive member included because of file (symbol)

C:\Users\joaoc\AppData\Local\arduino15\packages\arduino\hardware\sam\1.6.4\variants\arduino_due_x/libsam_sam3x8e_gcc_rel.a(startup_sam3xa.o)
                              (Reset_Handler)
C:\Users\joaoc\AppData\Local\arduino15\packages\arduino\hardware\sam\1.6.4\variants\arduino_due_x/libsam_sam3x8e_gcc_rel.a(uotghs.o)
                              C:\Users\joaoc\AppData\Local\arduino15\packages\arduino\hardware\sam\1.6.4\variants\arduino_due_x/libsam_sam3x8e_gcc_rel.a(startup_sam3xa.o) (UOTGHS_Handler)
C:\Users\joaoc\AppData\Local\Temp\VMicroBuilds\Resolver\arduino_due_x_dbg/core.a(cortex_handlers.c.o)
                              C:\Users\joaoc\AppData\Local\arduino15\packages\arduino\hardware\sam\1.6.4\variants\arduino_due_x/libsam_sam3x8e_gcc_rel.a(startup_sam3xa.o) (NMI_Handler)
C:\Users\joaoc\AppData\Local\Temp\VMicroBuilds\Resolver\arduino_due_x_dbg/core.a(hooks.c.o)
                              C:\Users\joaoc\AppData\Local\Temp\VMicroBuilds\Resolver\arduino_due_x_dbg/core.a(cortex_handlers.c.o) (sysTickHook)
C:\Users\joaoc\AppData\Local\Temp\VMicroBuilds\Resolver\arduino_due_x_dbg/core.a(wiring.c.o)
                              C:\Users\joaoc\AppData\Local\Temp\VMicroBuilds\Resolver\arduino_due_x_dbg\Resolver.cpp.o (millis)
C:\Users\joaoc\AppData\Local\Temp\VMicroBuilds\Resolver\arduino_due_x_dbg/core.a(wiring_analog.c.o)
                              C:\Users\joaoc\AppData\Local\Temp\VMicroBuilds\Resolver\arduino_due_x_dbg\Resolver.cpp.o (analogRead)
C:\Users\joaoc\AppData\Local\Temp\VMicroBuilds\Resolver\arduino_due_x_dbg/core.a(wiring_digital.c.o)
                              C:\Users\joaoc\AppData\Local\Temp\VMicroBuilds\Resolver\arduino_due_x_dbg\Resolver.cpp.o (pinMode)
C:\Users\joaoc\AppData\Local\Temp\VMicroBuilds\Resolver\arduino_due_x_dbg/core.a(main.cpp.o)
                              c:/users/joaoc/appdata/local/arduino15/packages/arduino/tools/arm-none-eabi-gcc/4.8.3-2014q1/bin/../lib/gcc/arm-none-eabi/4.8.3/../../../../arm-none-eabi/lib/armv7-m/crt0.o (main)
C:\Users\joaoc\AppData\Local\Temp\VMicroBuilds\Resolver\arduino_due_x_dbg/core.a(Print.cpp.o)
                              C:\Users\joaoc\AppData\Local\Temp\VMicroBuilds\Resolver\arduino_due_x_dbg\LiquidCrystal\LiquidCrystal.cpp.o (Print::write(unsigned char const*, unsigned int))
C:\Users\joaoc\AppData\Local\Temp\VMicroBuilds\Resolver\arduino_due_x_dbg/core.a(Reset.cpp.o)
                              C:\Users\joaoc\AppData\Local\Temp\VMicroBuilds\Resolver\arduino_due_x_dbg/core.a(cortex_handlers.c.o) (tickReset)
C:\Users\joaoc\AppData\Local\Temp\VMicroBuilds\Resolver\arduino_due_x_dbg/core.a(WMath.cpp.o)
                              C:\Users\joaoc\AppData\Local\Temp\VMicroBuilds\Resolver\arduino_due_x_dbg\Resolver.cpp.o (map(long, long, long, long, long))
C:\Users\joaoc\AppData\Local\Temp\VMicroBuilds\Resolver\arduino_due_x_dbg/core.a(WString.cpp.o)
                              C:\Users\joaoc\AppData\Local\Temp\VMicroBuilds\Resolver\arduino_due_x_dbg\Resolver.cpp.o (String::~String())
C:\Users\joaoc\AppData\Local\Temp\VMicroBuilds\Resolver\arduino_due_x_dbg/core.a(USBCore.cpp.o)
                              C:\Users\joaoc\AppData\Local\Temp\VMicroBuilds\Resolver\arduino_due_x_dbg/core.a(main.cpp.o) (USBDevice_::attach())
C:\Users\joaoc\AppData\Local\Temp\VMicroBuilds\Resolver\arduino_due_x_dbg/core.a(variant.cpp.o)
                              C:\Users\joaoc\AppData\Local\Temp\VMicroBuilds\Resolver\arduino_due_x_dbg/core.a(main.cpp.o) (init)
C:\Users\joaoc\AppData\Local\Temp\VMicroBuilds\Resolver\arduino_due_x_dbg/core.a(itoa.c.o)
                              C:\Users\joaoc\AppData\Local\Temp\VMicroBuilds\Resolver\arduino_due_x_dbg/core.a(WString.cpp.o) (ltoa)
C:\Users\joaoc\AppData\Local\Temp\VMicroBuilds\Resolver\arduino_due_x_dbg/core.a(dtostrf.c.o)
                              C:\Users\joaoc\AppData\Local\Temp\VMicroBuilds\Resolver\arduino_due_x_dbg/core.a(WString.cpp.o) (dtostrf)
C:\Users\joaoc\AppData\Local\Temp\VMicroBuilds\Resolver\arduino_due_x_dbg/core.a(abi.cpp.o)
                              C:\Users\joaoc\AppData\Local\Temp\VMicroBuilds\Resolver\arduino_due_x_dbg/core.a(Print.cpp.o) (__cxa_pure_virtual)
C:\Users\joaoc\AppData\Local\Temp\VMicroBuilds\Resolver\arduino_due_x_dbg/core.a(RingBuffer.cpp.o)
                              C:\Users\joaoc\AppData\Local\Temp\VMicroBuilds\Resolver\arduino_due_x_dbg/core.a(variant.cpp.o) (RingBuffer::RingBuffer())
C:\Users\joaoc\AppData\Local\Temp\VMicroBuilds\Resolver\arduino_due_x_dbg/core.a(UARTClass.cpp.o)
                              C:\Users\joaoc\AppData\Local\Temp\VMicroBuilds\Resolver\arduino_due_x_dbg/core.a(variant.cpp.o) (UARTClass::available())
C:\Users\joaoc\AppData\Local\Temp\VMicroBuilds\Resolver\arduino_due_x_dbg/core.a(USARTClass.cpp.o)
[...]
Memory Configuration

Name             Origin             Length             Attributes
rom              0x00080000         0x00080000         xr
sram0            0x20000000         0x00010000         xrw
sram1            0x20080000         0x00008000         xrw
ram              0x20070000         0x00018000         xrw
*default*        0x00000000         0xffffffff

Linker script and memory map

LOAD c:/users/joaoc/appdata/local/arduino15/packages/arduino/tools/arm-none-eabi-gcc/4.8.3-2014q1/bin/../lib/gcc/arm-none-eabi/4.8.3/armv7-m/crti.o
LOAD c:/users/joaoc/appdata/local/arduino15/packages/arduino/tools/arm-none-eabi-gcc/4.8.3-2014q1/bin/../lib/gcc/arm-none-eabi/4.8.3/armv7-m/crtbegin.o
LOAD c:/users/joaoc/appdata/local/arduino15/packages/arduino/tools/arm-none-eabi-gcc/4.8.3-2014q1/bin/../lib/gcc/arm-none-eabi/4.8.3/../../../../arm-none-eabi/lib/armv7-m/crt0.o
START GROUP
LOAD C:\Users\joaoc\AppData\Local\Temp\VMicroBuilds\Resolver\arduino_due_x_dbg/core/syscalls_sam3.c.o
LOAD C:\Users\joaoc\AppData\Local\Temp\VMicroBuilds\Resolver\arduino_due_x_dbg\Resolver.cpp.o
LOAD C:\Users\joaoc\AppData\Local\Temp\VMicroBuilds\Resolver\arduino_due_x_dbg\LiquidCrystal\LiquidCrystal.cpp.o
LOAD C:\Users\joaoc\AppData\Local\arduino15\packages\arduino\hardware\sam\1.6.4\variants\arduino_due_x/libsam_sam3x8e_gcc_rel.a
LOAD C:\Users\joaoc\AppData\Local\Temp\VMicroBuilds\Resolver\arduino_due_x_dbg/core.a
END GROUP
LOAD c:/users/joaoc/appdata/local/arduino15/packages/arduino/tools/arm-none-eabi-gcc/4.8.3-2014q1/bin/../lib/gcc/arm-none-eabi/4.8.3/../../../../arm-none-eabi/lib/armv7-m\libm.a
START GROUP
LOAD c:/users/joaoc/appdata/local/arduino15/packages/arduino/tools/arm-none-eabi-gcc/4.8.3-2014q1/bin/../lib/gcc/arm-none-eabi/4.8.3/armv7-m\libgcc.a
LOAD c:/users/joaoc/appdata/local/arduino15/packages/arduino/tools/arm-none-eabi-gcc/4.8.3-2014q1/bin/../lib/gcc/arm-none-eabi/4.8.3/../../../../arm-none-eabi/lib/armv7-m\libg.a
LOAD c:/users/joaoc/appdata/local/arduino15/packages/arduino/tools/arm-none-eabi-gcc/4.8.3-2014q1/bin/../lib/gcc/arm-none-eabi/4.8.3/../../../../arm-none-eabi/lib/armv7-m\libc.a
END GROUP
LOAD c:/users/joaoc/appdata/local/arduino15/packages/arduino/tools/arm-none-eabi-gcc/4.8.3-2014q1/bin/../lib/gcc/arm-none-eabi/4.8.3/armv7-m/crtend.o
LOAD c:/users/joaoc/appdata/local/arduino15/packages/arduino/tools/arm-none-eabi-gcc/4.8.3-2014q1/bin/../lib/gcc/arm-none-eabi/4.8.3/armv7-m/crtn.o

.text           0x00080000     0x43c8
                0x00080000                . = ALIGN (0x4)
                0x00080000                _sfixed = .
 *(.vectors .vectors.*)
 .vectors       0x00080000       0xf4 C:\Users\joaoc\AppData\Local\arduino15\packages\arduino\hardware\sam\1.6.4\variants\arduino_due_x/libsam_sam3x8e_gcc_rel.a(startup_sam3xa.o)
                0x00080000                exception_table
 *(.text .text.* .gnu.linkonce.t.*)
 .text          0x000800f4       0x54 c:/users/joaoc/appdata/local/arduino15/packages/arduino/tools/arm-none-eabi-gcc/4.8.3-2014q1/bin/../lib/gcc/arm-none-eabi/4.8.3/armv7-m/crtbegin.o
 .text._sbrk    0x00080148       0x1c C:\Users\joaoc\AppData\Local\Temp\VMicroBuilds\Resolver\arduino_due_x_dbg/core/syscalls_sam3.c.o
                0x00080148                _sbrk
 .text._ZN8RESOLVER19readresolverdecimalE6String
                0x00080164       0x98 C:\Users\joaoc\AppData\Local\Temp\VMicroBuilds\Resolver\arduino_due_x_dbg\Resolver.cpp.o
                0x00080164                RESOLVER::readresolverdecimal(String)
 .text._ZN8RESOLVER19readresovlerdegreesE6String
                0x000801fc       0xc8 C:\Users\joaoc\AppData\Local\Temp\VMicroBuilds\Resolver\arduino_due_x_dbg\Resolver.cpp.o
                0x000801fc                RESOLVER::readresovlerdegrees(String)
 .text.setup    0x000802c4       0x10 C:\Users\joaoc\AppData\Local\Temp\VMicroBuilds\Resolver\arduino_due_x_dbg\Resolver.cpp.o
                0x000802c4                setup
 .text._Z15frequencyselectv
                0x000802d4       0x64 C:\Users\joaoc\AppData\Local\Temp\VMicroBuilds\Resolver\arduino_due_x_dbg\Resolver.cpp.o
                0x000802d4                frequencyselect()
 .text.loop     0x00080338      0x128 C:\Users\joaoc\AppData\Local\Temp\VMicroBuilds\Resolver\arduino_due_x_dbg\Resolver.cpp.o
                0x00080338                loop
 .text.startup._GLOBAL__sub_I_deg
                0x00080460       0xf0 C:\Users\joaoc\AppData\Local\Temp\VMicroBuilds\Resolver\arduino_due_x_dbg\Resolver.cpp.o
 .text._ZN13LiquidCrystal11pulseEnableEv
                0x00080550       0x38 C:\Users\joaoc\AppData\Local\Temp\VMicroBuilds\Resolver\arduino_due_x_dbg\LiquidCrystal\LiquidCrystal.cpp.o
                0x00080550                LiquidCrystal::pulseEnable()
 .text._ZN13LiquidCrystal10write4bitsEh
                0x00080588       0x28 C:\Users\joaoc\AppData\Local\Temp\VMicroBuilds\Resolver\arduino_due_x_dbg\LiquidCrystal\LiquidCrystal.cpp.o
                0x00080588                LiquidCrystal::write4bits(unsigned char)
 .text._ZN13LiquidCrystal10write8bitsEh
                0x000805b0       0x28 C:\Users\joaoc\AppData\Local\Temp\VMicroBuilds\Resolver\arduino_due_x_dbg\LiquidCrystal\LiquidCrystal.cpp.o
                0x000805b0                LiquidCrystal::write8bits(unsigned char)
 .text._ZN13LiquidCrystal4sendEhh
                0x000805d8       0x3e C:\Users\joaoc\AppData\Local\Temp\VMicroBuilds\Resolver\arduino_due_x_dbg\LiquidCrystal\LiquidCrystal.cpp.o
                0x000805d8                LiquidCrystal::send(unsigned char, unsigned char)
 .text._ZN13LiquidCrystal7commandEh
                0x00080616        0x6 C:\Users\joaoc\AppData\Local\Temp\VMicroBuilds\Resolver\arduino_due_x_dbg\LiquidCrystal\LiquidCrystal.cpp.o
                0x00080616                LiquidCrystal::command(unsigned char)
 .text._ZN13LiquidCrystal5clearEv
                0x0008061c       0x14 C:\Users\joaoc\AppData\Local\Temp\VMicroBuilds\Resolver\arduino_due_x_dbg\LiquidCrystal\LiquidCrystal.cpp.o
                0x0008061c                LiquidCrystal::clear()
 .text._ZN13LiquidCrystal9setCursorEhh
                0x00080630       0x26 C:\Users\joaoc\AppData\Local\Temp\VMicroBuilds\Resolver\arduino_due_x_dbg\LiquidCrystal\LiquidCrystal.cpp.o
                0x00080630                LiquidCrystal::setCursor(unsigned char, unsigned char)
 .text._ZN13LiquidCrystal7displayEv
                0x00080656       0x14 C:\Users\joaoc\AppData\Local\Temp\VMicroBuilds\Resolver\arduino_due_x_dbg\LiquidCrystal\LiquidCrystal.cpp.o
                0x00080656                LiquidCrystal::display()
 *fill*         0x0008066a        0x2 
 .text._ZN13LiquidCrystal5beginEhhh
                0x0008066c      0x134 C:\Users\joaoc\AppData\Local\Temp\VMicroBuilds\Resolver\arduino_due_x_dbg\LiquidCrystal\LiquidCrystal.cpp.o
                0x0008066c                LiquidCrystal::begin(unsigned char, unsigned char, unsigned char)
 .text._ZN13LiquidCrystalC2Ehhhhhhh
                0x000807a0       0x48 C:\Users\joaoc\AppData\Local\Temp\VMicroBuilds\Resolver\arduino_due_x_dbg\LiquidCrystal\LiquidCrystal.cpp.o
                0x000807a0                LiquidCrystal::LiquidCrystal(unsigned char, unsigned char, unsigned char, unsigned char, unsigned char, unsigned char, unsigned char)
                0x000807a0                LiquidCrystal::LiquidCrystal(unsigned char, unsigned char, unsigned char, unsigned char, unsigned char, unsigned char, unsigned char)
 .text._ZN13LiquidCrystal5writeEh
                0x000807e8        0xc C:\Users\joaoc\AppData\Local\Temp\VMicroBuilds\Resolver\arduino_due_x_dbg\LiquidCrystal\LiquidCrystal.cpp.o
                0x000807e8                LiquidCrystal::write(unsigned char)
 .text.Reset_Handler
                0x000807f4       0x70 C:\Users\joaoc\AppData\Local\arduino15\packages\arduino\hardware\sam\1.6.4\variants\arduino_due_x/libsam_sam3x8e_gcc_rel.a(startup_sam3xa.o)
                0x000807f4                Reset_Handler
 .text.UOTGHS_Handler
                0x00080864       0x10 C:\Users\joaoc\AppData\Local\arduino15\packages\arduino\hardware\sam\1.6.4\variants\arduino_due_x/libsam_sam3x8e_gcc_rel.a(uotghs.o)
                0x00080864                UOTGHS_Handler
 .text.__halt   0x00080874        0x2 C:\Users\joaoc\AppData\Local\Temp\VMicroBuilds\Resolver\arduino_due_x_dbg/core.a(cortex_handlers.c.o)
                0x00080874                DACC_Handler
                0x00080874                DebugMon_Handler
                0x00080874                DMAC_Handler
                0x00080874                TRNG_Handler
                0x00080874                HardFault_Handler
                0x00080874                TC2_Handler
                0x00080874                TWI1_Handler
                0x00080874                NMI_Handler
                0x00080874                TC7_Handler
                0x00080874                ADC_Handler
                0x00080874                SMC_Handler
                0x00080874                RTT_Handler
                0x00080874                EFC1_Handler
                0x00080874                PIOB_Handler
                0x00080874                RTC_Handler
                0x00080874                UsageFault_Handler
                0x00080874                TC6_Handler
                0x00080874                WDT_Handler
                0x00080874                CAN0_Handler
                0x00080874                TC4_Handler
                0x00080874                TC1_Handler
                0x00080874                HSMCI_Handler
                0x00080874                TC3_Handler
                0x00080874                TWI0_Handler
                0x00080874                PIOA_Handler
                0x00080874                SSC_Handler
                0x00080874                EFC0_Handler
                0x00080874                PMC_Handler
                0x00080874                PWM_Handler
                0x00080874                CAN1_Handler
                0x00080874                MemManage_Handler
                0x00080874                SUPC_Handler
                0x00080874                TC8_Handler
                0x00080874                USART2_Handler
                0x00080874                PIOD_Handler
                0x00080874                EMAC_Handler
                0x00080874                PIOC_Handler
                0x00080874                BusFault_Handler
                0x00080874                RSTC_Handler
                0x00080874                TC0_Handler
                0x00080874                TC5_Handler
                0x00080874                SPI0_Handler
 .text.SVC_Handler
                0x00080876        0x4 C:\Users\joaoc\AppData\Local\Temp\VMicroBuilds\Resolver\arduino_due_x_dbg/core.a(cortex_handlers.c.o)
                0x00080876                SVC_Handler
 .text.PendSV_Handler
                0x0008087a        0x4 C:\Users\joaoc\AppData\Local\Temp\VMicroBuilds\Resolver\arduino_due_x_dbg/core.a(cortex_handlers.c.o)
                0x0008087a                PendSV_Handler
 .text.SysTick_Handler
                0x0008087e       0x16 C:\Users\joaoc\AppData\Local\Temp\VMicroBuilds\Resolver\arduino_due_x_dbg/core.a(cortex_handlers.c.o)
                0x0008087e                SysTick_Handler
 .text.__empty  0x00080894        0x2 C:\Users\joaoc\AppData\Local\Temp\VMicroBuilds\Resolver\arduino_due_x_dbg/core.a(hooks.c.o)
                0x00080894                yield
 .text.__false  0x00080896        0x4 C:\Users\joaoc\AppData\Local\Temp\VMicroBuilds\Resolver\arduino_due_x_dbg/core.a(hooks.c.o)
                0x00080896                sysTickHook
 .text.__halt   0x0008089a        0x2 C:\Users\joaoc\AppData\Local\Temp\VMicroBuilds\Resolver\arduino_due_x_dbg/core.a(hooks.c.o)
                0x0008089a                svcHook
                0x0008089a                pendSVHook
 .text.millis   0x0008089c        0x4 C:\Users\joaoc\AppData\Local\Temp\VMicroBuilds\Resolver\arduino_due_x_dbg/core.a(wiring.c.o)
                0x0008089c                millis
 .text.delay    0x000808a0       0x1c C:\Users\joaoc\AppData\Local\Temp\VMicroBuilds\Resolver\arduino_due_x_dbg/core.a(wiring.c.o)
                0x000808a0                delay
 .text.mapResolution
                0x000808bc       0x12 C:\Users\joaoc\AppData\Local\Temp\VMicroBuilds\Resolver\arduino_due_x_dbg/core.a(wiring_analog.c.o)
 *fill*         0x000808ce        0x2 
 .text.analogRead
                0x000808d0       0x74 C:\Users\joaoc\AppData\Local\Temp\VMicroBuilds\Resolver\arduino_due_x_dbg/core.a(wiring_analog.c.o)
                0x000808d0                analogRead
 .text.analogOutputInit
                0x00080944       0x14 C:\Users\joaoc\AppData\Local\Temp\VMicroBuilds\Resolver\arduino_due_x_dbg/core.a(wiring_analog.c.o)
                0x00080944                analogOutputInit
 .text.pinMode  0x00080958       0x64 C:\Users\joaoc\AppData\Local\Temp\VMicroBuilds\Resolver\arduino_due_x_dbg/core.a(wiring_digital.c.o)
                0x00080958                pinMode
 .text.digitalWrite
                0x000809bc       0x48 C:\Users\joaoc\AppData\Local\Temp\VMicroBuilds\Resolver\arduino_due_x_dbg/core.a(wiring_digital.c.o)
                0x000809bc                digitalWrite
 .text.digitalRead
                0x00080a04       0x24 C:\Users\joaoc\AppData\Local\Temp\VMicroBuilds\Resolver\arduino_due_x_dbg/core.a(wiring_digital.c.o)
                0x00080a04                digitalRead
 .text.initVariant
                0x00080a28        0x2 C:\Users\joaoc\AppData\Local\Temp\VMicroBuilds\Resolver\arduino_due_x_dbg/core.a(main.cpp.o)
                0x00080a28                initVariant
 *fill*         0x00080a2a        0x2 
 .text.startup.main
                0x00080a2c       0x34 C:\Users\joaoc\AppData\Local\Temp\VMicroBuilds\Resolver\arduino_due_x_dbg/core.a(main.cpp.o)
                0x00080a2c                main
 .text._ZN5Print5writeEPKhj
                0x00080a60       0x22 C:\Users\joaoc\AppData\Local\Temp\VMicroBuilds\Resolver\arduino_due_x_dbg/core.a(Print.cpp.o)
                0x00080a60                Print::write(unsigned char const*, unsigned int)
 .text._ZN5Print5writeEPKc
                0x00080a82       0x1e C:\Users\joaoc\AppData\Local\Temp\VMicroBuilds\Resolver\arduino_due_x_dbg/core.a(Print.cpp.o)
                0x00080a82                Print::write(char const*)
 .text._ZN5Print5printERK6String
                0x00080aa0       0x10 C:\Users\joaoc\AppData\Local\Temp\VMicroBuilds\Resolver\arduino_due_x_dbg/core.a(Print.cpp.o)
                0x00080aa0                Print::print(String const&)
 .text._ZN5Print5printEPKc
                0x00080ab0        0x8 C:\Users\joaoc\AppData\Local\Temp\VMicroBuilds\Resolver\arduino_due_x_dbg/core.a(Print.cpp.o)
                0x00080ab0                Print::print(char const*)
 .text._ZN5Print5printEc
                0x00080ab8        0xa C:\Users\joaoc\AppData\Local\Temp\VMicroBuilds\Resolver\arduino_due_x_dbg/core.a(Print.cpp.o)
                0x00080ab8                Print::print(char)
 *fill*         0x00080ac2        0x2 
 .text.initiateReset
                0x00080ac4        0xc C:\Users\joaoc\AppData\Local\Temp\VMicroBuilds\Resolver\arduino_due_x_dbg/core.a(Reset.cpp.o)
                0x00080ac4                initiateReset
 .text.cancelReset
                0x00080ad0       0x10 C:\Users\joaoc\AppData\Local\Temp\VMicroBuilds\Resolver\arduino_due_x_dbg/core.a(Reset.cpp.o)
                0x00080ad0                cancelReset
 .text.tickReset
                0x00080ae0       0x20 C:\Users\joaoc\AppData\Local\Temp\VMicroBuilds\Resolver\arduino_due_x_dbg/core.a(Reset.cpp.o)
                0x00080ae0                tickReset
 .text._Z3maplllll
                0x00080b00       0x14 C:\Users\joaoc\AppData\Local\Temp\VMicroBuilds\Resolver\arduino_due_x_dbg/core.a(WMath.cpp.o)
                0x00080b00                map(long, long, long, long, long)
 .text._ZN6StringD2Ev
                0x00080b14        0xe C:\Users\joaoc\AppData\Local\Temp\VMicroBuilds\Resolver\arduino_due_x_dbg/core.a(WString.cpp.o)
                0x00080b14                String::~String()
                0x00080b14                String::~String()
 .text._ZN6String10invalidateEv
                0x00080b22       0x16 C:\Users\joaoc\AppData\Local\Temp\VMicroBuilds\Resolver\arduino_due_x_dbg/core.a(WString.cpp.o)
                0x00080b22                String::invalidate()
 .text._ZN6String12changeBufferEj
                0x00080b38       0x18 C:\Users\joaoc\AppData\Local\Temp\VMicroBuilds\Resolver\arduino_due_x_dbg/core.a(WString.cpp.o)
                0x00080b38                String::changeBuffer(unsigned int)
 .text._ZN6String7reserveEj
                0x00080b50       0x22 C:\Users\joaoc\AppData\Local\Temp\VMicroBuilds\Resolver\arduino_due_x_dbg/core.a(WString.cpp.o)
                0x00080b50                String::reserve(unsigned int)
 .text._ZN6String4copyEPKcj
                0x00080b72       0x26 C:\Users\joaoc\AppData\Local\Temp\VMicroBuilds\Resolver\arduino_due_x_dbg/core.a(WString.cpp.o)
                0x00080b72                String::copy(char const*, unsigned int)
 .text._ZN6StringC2EPKc
                0x00080b98       0x24 C:\Users\joaoc\AppData\Local\Temp\VMicroBuilds\Resolver\arduino_due_x_dbg/core.a(WString.cpp.o)
                0x00080b98                String::String(char const*)
                0x00080b98                String::String(char const*)
 .text._ZN6StringaSERKS_
                0x00080bbc       0x1e C:\Users\joaoc\AppData\Local\Temp\VMicroBuilds\Resolver\arduino_due_x_dbg/core.a(WString.cpp.o)
                0x00080bbc                String::operator=(String const&)
 .text._ZN6StringC2ERKS_
                0x00080bda       0x14 C:\Users\joaoc\AppData\Local\Temp\VMicroBuilds\Resolver\arduino_due_x_dbg/core.a(WString.cpp.o)
                0x00080bda                String::String(String const&)
                0x00080bda                String::String(String const&)
 .text._ZN6StringaSEPKc
                0x00080bee       0x22 C:\Users\joaoc\AppData\Local\Temp\VMicroBuilds\Resolver\arduino_due_x_dbg/core.a(WString.cpp.o)
                0x00080bee                String::operator=(char const*)
 .text._ZN6StringC2Eih
                0x00080c10       0x24 C:\Users\joaoc\AppData\Local\Temp\VMicroBuilds\Resolver\arduino_due_x_dbg/core.a(WString.cpp.o)
                0x00080c10                String::String(int, unsigned char)
                0x00080c10                String::String(int, unsigned char)
 .text._ZN6String6concatEPKcj
                0x00080c34       0x2e C:\Users\joaoc\AppData\Local\Temp\VMicroBuilds\Resolver\arduino_due_x_dbg/core.a(WString.cpp.o)
                0x00080c34                String::concat(char const*, unsigned int)
 .text._ZplRK15StringSumHelperRK6String
                0x00080c62       0x1a C:\Users\joaoc\AppData\Local\Temp\VMicroBuilds\Resolver\arduino_due_x_dbg/core.a(WString.cpp.o)
                0x00080c62                operator+(StringSumHelper const&, String const&)
 .text._ZplRK15StringSumHelperPKc
                0x00080c7c       0x24 C:\Users\joaoc\AppData\Local\Temp\VMicroBuilds\Resolver\arduino_due_x_dbg/core.a(WString.cpp.o)
                0x00080c7c                operator+(StringSumHelper const&, char const*)
 .text._ZNK6String6equalsEPKc
                0x00080ca0       0x26 C:\Users\joaoc\AppData\Local\Temp\VMicroBuilds\Resolver\arduino_due_x_dbg/core.a(WString.cpp.o)
                0x00080ca0                String::equals(char const*) const
 *fill*         0x00080cc6        0x2 
 .text._ZNK6String9substringEjj
                0x00080cc8       0x4c C:\Users\joaoc\AppData\Local\Temp\VMicroBuilds\Resolver\arduino_due_x_dbg/core.a(WString.cpp.o)
                0x00080cc8                String::substring(unsigned int, unsigned int) const
 .text.unlikely._ZL11USB_SendZlpv
                0x00080d14       0x20 C:\Users\joaoc\AppData\Local\Temp\VMicroBuilds\Resolver\arduino_due_x_dbg/core.a(USBCore.cpp.o)
 .text._Z14USBD_Availablem
                0x00080d34       0x2c C:\Users\joaoc\AppData\Local\Temp\VMicroBuilds\Resolver\arduino_due_x_dbg/core.a(USBCore.cpp.o)
                0x00080d34                USBD_Available(unsigned long)
 .text._Z9USBD_RecvmPvm
                0x00080d60       0x7c C:\Users\joaoc\AppData\Local\Temp\VMicroBuilds\Resolver\arduino_due_x_dbg/core.a(USBCore.cpp.o)
                0x00080d60                USBD_Recv(unsigned long, void*, unsigned long)
 .text._Z9USBD_Recvm
                0x00080ddc       0x22 C:\Users\joaoc\AppData\Local\Temp\VMicroBuilds\Resolver\arduino_due_x_dbg/core.a(USBCore.cpp.o)
                0x00080ddc                USBD_Recv(unsigned long)
 *fill*         0x00080dfe        0x2 
 .text._Z9USBD_SendmPKvm
                0x00080e00       0x4c C:\Users\joaoc\AppData\Local\Temp\VMicroBuilds\Resolver\arduino_due_x_dbg/core.a(USBCore.cpp.o)
                0x00080e00                USBD_Send(unsigned long, void const*, unsigned long)
 .text._Z16USBD_SendControlhPKvm
                0x00080e4c       0x40 C:\Users\joaoc\AppData\Local\Temp\VMicroBuilds\Resolver\arduino_due_x_dbg/core.a(USBCore.cpp.o)
                0x00080e4c                USBD_SendControl(unsigned char, void const*, unsigned long)
 .text.unlikely._ZL24USB_SendStringDescriptorPKhi
                0x00080e8c       0x38 C:\Users\joaoc\AppData\Local\Temp\VMicroBuilds\Resolver\arduino_due_x_dbg/core.a(USBCore.cpp.o)
 .text._Z16USBD_RecvControlPvm
                0x00080ec4       0x1c C:\Users\joaoc\AppData\Local\Temp\VMicroBuilds\Resolver\arduino_due_x_dbg/core.a(USBCore.cpp.o)
                0x00080ec4                USBD_RecvControl(void*, unsigned long)
 .text._Z26USBD_ClassInterfaceRequestR5Setup
                0x00080ee0       0x14 C:\Users\joaoc\AppData\Local\Temp\VMicroBuilds\Resolver\arduino_due_x_dbg/core.a(USBCore.cpp.o)
                0x00080ee0                USBD_ClassInterfaceRequest(Setup&)
 .text._Z19USBD_SendInterfacesv
                0x00080ef4       0x1e C:\Users\joaoc\AppData\Local\Temp\VMicroBuilds\Resolver\arduino_due_x_dbg/core.a(USBCore.cpp.o)
                0x00080ef4                USBD_SendInterfaces()
 .text._Z24USBD_SendOtherInterfacesv
                0x00080f12       0x1e C:\Users\joaoc\AppData\Local\Temp\VMicroBuilds\Resolver\arduino_due_x_dbg/core.a(USBCore.cpp.o)
                0x00080f12                USBD_SendOtherInterfaces()
 .text._Z10USBD_Flushm
                0x00080f30       0x16 C:\Users\joaoc\AppData\Local\Temp\VMicroBuilds\Resolver\arduino_due_x_dbg/core.a(USBCore.cpp.o)
                0x00080f30                USBD_Flush(unsigned long)
 *fill*         0x00080f46        0x2 
 .text._ZN10USBDevice_C2Ev
                0x00080f48       0x24 C:\Users\joaoc\AppData\Local\Temp\VMicroBuilds\Resolver\arduino_due_x_dbg/core.a(USBCore.cpp.o)
                0x00080f48                USBDevice_::USBDevice_()
                0x00080f48                USBDevice_::USBDevice_()
 .text._ZN10USBDevice_6attachEv
                0x00080f6c       0x20 C:\Users\joaoc\AppData\Local\Temp\VMicroBuilds\Resolver\arduino_due_x_dbg/core.a(USBCore.cpp.o)
                0x00080f6c                USBDevice_::attach()
 .text.startup._GLOBAL__sub_I_TxLEDPulse
                0x00080f8c        0xc C:\Users\joaoc\AppData\Local\Temp\VMicroBuilds\Resolver\arduino_due_x_dbg/core.a(USBCore.cpp.o)
 .text._ZL7USB_ISRv
                0x00080f98      0x424 C:\Users\joaoc\AppData\Local\Temp\VMicroBuilds\Resolver\arduino_due_x_dbg/core.a(USBCore.cpp.o)
 .text._Z11serialEventv
                0x000813bc        0x2 C:\Users\joaoc\AppData\Local\Temp\VMicroBuilds\Resolver\arduino_due_x_dbg/core.a(variant.cpp.o)
                0x000813bc                serialEvent()
 *fill*         0x000813be        0x2 
 .text.UART_Handler
                0x000813c0        0xc C:\Users\joaoc\AppData\Local\Temp\VMicroBuilds\Resolver\arduino_due_x_dbg/core.a(variant.cpp.o)
                0x000813c0                UART_Handler
 .text._Z12serialEvent1v
                0x000813cc        0x2 C:\Users\joaoc\AppData\Local\Temp\VMicroBuilds\Resolver\arduino_due_x_dbg/core.a(variant.cpp.o)
                0x000813cc                serialEvent1()
 .text._Z12serialEvent2v
                0x000813ce        0x2 C:\Users\joaoc\AppData\Local\Temp\VMicroBuilds\Resolver\arduino_due_x_dbg/core.a(variant.cpp.o)
                0x000813ce                serialEvent2()
 .text._Z12serialEvent3v
                0x000813d0        0x2 C:\Users\joaoc\AppData\Local\Temp\VMicroBuilds\Resolver\arduino_due_x_dbg/core.a(variant.cpp.o)
                0x000813d0                serialEvent3()
 *fill*         0x000813d2        0x2 
 .text.USART0_Handler
                0x000813d4        0xc C:\Users\joaoc\AppData\Local\Temp\VMicroBuilds\Resolver\arduino_due_x_dbg/core.a(variant.cpp.o)
                0x000813d4                USART0_Handler
 .text.USART1_Handler
                0x000813e0        0xc C:\Users\joaoc\AppData\Local\Temp\VMicroBuilds\Resolver\arduino_due_x_dbg/core.a(variant.cpp.o)
                0x000813e0                USART1_Handler
 .text.USART3_Handler
                0x000813ec        0xc C:\Users\joaoc\AppData\Local\Temp\VMicroBuilds\Resolver\arduino_due_x_dbg/core.a(variant.cpp.o)
                0x000813ec                USART3_Handler
 .text.init     0x000813f8      0x130 C:\Users\joaoc\AppData\Local\Temp\VMicroBuilds\Resolver\arduino_due_x_dbg/core.a(variant.cpp.o)
                0x000813f8                init
 .text.startup._GLOBAL__sub_I_g_APinDescription
                0x00081528       0xd4 C:\Users\joaoc\AppData\Local\Temp\VMicroBuilds\Resolver\arduino_due_x_dbg/core.a(variant.cpp.o)
 .text._Z14serialEventRunv
                0x000815fc       0x44 C:\Users\joaoc\AppData\Local\Temp\VMicroBuilds\Resolver\arduino_due_x_dbg/core.a(variant.cpp.o)
                0x000815fc                serialEventRun()
 .text.ltoa     0x00081640       0x6e C:\Users\joaoc\AppData\Local\Temp\VMicroBuilds\Resolver\arduino_due_x_dbg/core.a(itoa.c.o)
                0x00081640                ltoa
 .text.itoa     0x000816ae        0x4 C:\Users\joaoc\AppData\Local\Temp\VMicroBuilds\Resolver\arduino_due_x_dbg/core.a(itoa.c.o)
                0x000816ae                itoa
 .text._ZN10RingBufferC2Ev
                0x000816b2       0x1a C:\Users\joaoc\AppData\Local\Temp\VMicroBuilds\Resolver\arduino_due_x_dbg/core.a(RingBuffer.cpp.o)
                0x000816b2                RingBuffer::RingBuffer()
                0x000816b2                RingBuffer::RingBuffer()
 .text._ZN10RingBuffer10store_charEh
                0x000816cc       0x1e C:\Users\joaoc\AppData\Local\Temp\VMicroBuilds\Resolver\arduino_due_x_dbg/core.a(RingBuffer.cpp.o)
                0x000816cc                RingBuffer::store_char(unsigned char)
 .text._ZN9UARTClasscvbEv
                0x000816ea        0x4 C:\Users\joaoc\AppData\Local\Temp\VMicroBuilds\Resolver\arduino_due_x_dbg/core.a(UARTClass.cpp.o)
                0x000816ea                UARTClass::operator bool()
 .text._ZN9UARTClass9availableEv
                0x000816ee       0x12 C:\Users\joaoc\AppData\Local\Temp\VMicroBuilds\Resolver\arduino_due_x_dbg/core.a(UARTClass.cpp.o)
                0x000816ee                UARTClass::available()
 .text._ZN9UARTClass4peekEv
                0x00081700       0x1c C:\Users\joaoc\AppData\Local\Temp\VMicroBuilds\Resolver\arduino_due_x_dbg/core.a(UARTClass.cpp.o)
                0x00081700                UARTClass::peek()
 .text._ZN9UARTClass4readEv
                0x0008171c       0x2a C:\Users\joaoc\AppData\Local\Temp\VMicroBuilds\Resolver\arduino_due_x_dbg/core.a(UARTClass.cpp.o)
                0x0008171c                UARTClass::read()
 .text._ZN9UARTClass5flushEv
                0x00081746       0x18 C:\Users\joaoc\AppData\Local\Temp\VMicroBuilds\Resolver\arduino_due_x_dbg/core.a(UARTClass.cpp.o)
                0x00081746                UARTClass::flush()
 *fill*         0x0008175e        0x2 
 .text._ZN9UARTClass5writeEh
                0x00081760       0x54 C:\Users\joaoc\AppData\Local\Temp\VMicroBuilds\Resolver\arduino_due_x_dbg/core.a(UARTClass.cpp.o)
                0x00081760                UARTClass::write(unsigned char)
 .text._ZN9UARTClass3endEv
                0x000817b4       0x3c C:\Users\joaoc\AppData\Local\Temp\VMicroBuilds\Resolver\arduino_due_x_dbg/core.a(UARTClass.cpp.o)
                0x000817b4                UARTClass::end()
 .text._ZN9UARTClassC2EP4Uart4IRQnmP10RingBufferS4_
                0x000817f0       0x24 C:\Users\joaoc\AppData\Local\Temp\VMicroBuilds\Resolver\arduino_due_x_dbg/core.a(UARTClass.cpp.o)
                0x000817f0                UARTClass::UARTClass(Uart*, IRQn, unsigned long, RingBuffer*, RingBuffer*)
                0x000817f0                UARTClass::UARTClass(Uart*, IRQn, unsigned long, RingBuffer*, RingBuffer*)
 .text._ZN9UARTClass4initEmm
                0x00081814       0x70 C:\Users\joaoc\AppData\Local\Temp\VMicroBuilds\Resolver\arduino_due_x_dbg/core.a(UARTClass.cpp.o)
                0x00081814                UARTClass::init(unsigned long, unsigned long)
 .text._ZN9UARTClass5beginEm
                0x00081884        0x8 C:\Users\joaoc\AppData\Local\Temp\VMicroBuilds\Resolver\arduino_due_x_dbg/core.a(UARTClass.cpp.o)
                0x00081884                UARTClass::begin(unsigned long)
 .text._ZN9UARTClass10IrqHandlerEv
                0x0008188c       0x5a C:\Users\joaoc\AppData\Local\Temp\VMicroBuilds\Resolver\arduino_due_x_dbg/core.a(UARTClass.cpp.o)
                0x0008188c                UARTClass::IrqHandler()
 .text._ZN10USARTClass5beginEm
                0x000818e6        0x8 C:\Users\joaoc\AppData\Local\Temp\VMicroBuilds\Resolver\arduino_due_x_dbg/core.a(USARTClass.cpp.o)
                0x000818e6                USARTClass::begin(unsigned long)
 *fill*         0x000818ee        0x2 
 .text._ZN10USARTClassC2EP5Usart4IRQnmP10RingBufferS4_
                0x000818f0       0x24 C:\Users\joaoc\AppData\Local\Temp\VMicroBuilds\Resolver\arduino_due_x_dbg/core.a(USARTClass.cpp.o)
                0x000818f0                USARTClass::USARTClass(Usart*, IRQn, unsigned long, RingBuffer*, RingBuffer*)
                0x000818f0                USARTClass::USARTClass(Usart*, IRQn, unsigned long, RingBuffer*, RingBuffer*)
 .text._ZN7Serial_9availableEv
                0x00081914       0x18 C:\Users\joaoc\AppData\Local\Temp\VMicroBuilds\Resolver\arduino_due_x_dbg/core.a(CDC.cpp.o)
                0x00081914                Serial_::available()
 .text._ZN7Serial_4peekEv
                0x0008192c       0x20 C:\Users\joaoc\AppData\Local\Temp\VMicroBuilds\Resolver\arduino_due_x_dbg/core.a(CDC.cpp.o)
                0x0008192c                Serial_::peek()
 .text._ZN7Serial_5writeEh
                0x0008194c       0x16 C:\Users\joaoc\AppData\Local\Temp\VMicroBuilds\Resolver\arduino_due_x_dbg/core.a(CDC.cpp.o)
                0x0008194c                Serial_::write(unsigned char)
 *fill*         0x00081962        0x2 
 .text._ZN7Serial_4readEv
                0x00081964       0x44 C:\Users\joaoc\AppData\Local\Temp\VMicroBuilds\Resolver\arduino_due_x_dbg/core.a(CDC.cpp.o)
                0x00081964                Serial_::read()
 .text._ZN7Serial_5flushEv
                0x000819a8        0x6 C:\Users\joaoc\AppData\Local\Temp\VMicroBuilds\Resolver\arduino_due_x_dbg/core.a(CDC.cpp.o)
                0x000819a8                Serial_::flush()
 *fill*         0x000819ae        0x2 
 .text._ZN7Serial_6acceptEv
                0x000819b0       0x70 C:\Users\joaoc\AppData\Local\Temp\VMicroBuilds\Resolver\arduino_due_x_dbg/core.a(CDC.cpp.o)
                0x000819b0                Serial_::accept()
 .text._ZN7Serial_5writeEPKhj
                0x00081a20       0x2c C:\Users\joaoc\AppData\Local\Temp\VMicroBuilds\Resolver\arduino_due_x_dbg/core.a(CDC.cpp.o)
                0x00081a20                Serial_::write(unsigned char const*, unsigned int)
 .text._Z16CDC_GetInterfacePh
                0x00081a4c       0x14 C:\Users\joaoc\AppData\Local\Temp\VMicroBuilds\Resolver\arduino_due_x_dbg/core.a(CDC.cpp.o)
                0x00081a4c                CDC_GetInterface(unsigned char*)
 .text._Z21CDC_GetOtherInterfacePh
                0x00081a60       0x14 C:\Users\joaoc\AppData\Local\Temp\VMicroBuilds\Resolver\arduino_due_x_dbg/core.a(CDC.cpp.o)
                0x00081a60                CDC_GetOtherInterface(unsigned char*)
 .text._Z9CDC_SetupR5Setup
                0x00081a74       0x64 C:\Users\joaoc\AppData\Local\Temp\VMicroBuilds\Resolver\arduino_due_x_dbg/core.a(CDC.cpp.o)
                0x00081a74                CDC_Setup(Setup&)
 .text.startup._GLOBAL__sub_I_cdc_rx_buffer
                0x00081ad8       0x1c C:\Users\joaoc\AppData\Local\Temp\VMicroBuilds\Resolver\arduino_due_x_dbg/core.a(CDC.cpp.o)
 .text._ZN9Keyboard_5writeEh
                0x00081af4       0x1c C:\Users\joaoc\AppData\Local\Temp\VMicroBuilds\Resolver\arduino_due_x_dbg/core.a(HID.cpp.o)
                0x00081af4                Keyboard_::write(unsigned char)
 .text._Z16HID_GetInterfacePh
                0x00081b10       0x14 C:\Users\joaoc\AppData\Local\Temp\VMicroBuilds\Resolver\arduino_due_x_dbg/core.a(HID.cpp.o)
                0x00081b10                HID_GetInterface(unsigned char*)
 .text._Z17HID_GetDescriptori
                0x00081b24       0x10 C:\Users\joaoc\AppData\Local\Temp\VMicroBuilds\Resolver\arduino_due_x_dbg/core.a(HID.cpp.o)
                0x00081b24                HID_GetDescriptor(int)
 .text._Z14HID_SendReporthPKvm
                0x00081b34       0x2e C:\Users\joaoc\AppData\Local\Temp\VMicroBuilds\Resolver\arduino_due_x_dbg/core.a(HID.cpp.o)
                0x00081b34                HID_SendReport(unsigned char, void const*, unsigned long)
 *fill*         0x00081b62        0x2 
 .text._Z9HID_SetupR5Setup
                0x00081b64       0x40 C:\Users\joaoc\AppData\Local\Temp\VMicroBuilds\Resolver\arduino_due_x_dbg/core.a(HID.cpp.o)
                0x00081b64                HID_Setup(Setup&)
 .text._ZN9Keyboard_10sendReportEP9KeyReport
                0x00081ba4        0xc C:\Users\joaoc\AppData\Local\Temp\VMicroBuilds\Resolver\arduino_due_x_dbg/core.a(HID.cpp.o)
                0x00081ba4                Keyboard_::sendReport(KeyReport*)
 .text._ZN9Keyboard_5pressEh
                0x00081bb0       0x88 C:\Users\joaoc\AppData\Local\Temp\VMicroBuilds\Resolver\arduino_due_x_dbg/core.a(HID.cpp.o)
                0x00081bb0                Keyboard_::press(unsigned char)
 .text._ZN9Keyboard_7releaseEh
                0x00081c38       0x64 C:\Users\joaoc\AppData\Local\Temp\VMicroBuilds\Resolver\arduino_due_x_dbg/core.a(HID.cpp.o)
                0x00081c38                Keyboard_::release(unsigned char)
 .text._ZN9Keyboard_10releaseAllEv
                0x00081c9c       0x18 C:\Users\joaoc\AppData\Local\Temp\VMicroBuilds\Resolver\arduino_due_x_dbg/core.a(HID.cpp.o)
                0x00081c9c                Keyboard_::releaseAll()
 .text.startup._GLOBAL__sub_I_Mouse
                0x00081cb4       0x1c C:\Users\joaoc\AppData\Local\Temp\VMicroBuilds\Resolver\arduino_due_x_dbg/core.a(HID.cpp.o)
 .text.PIO_DisableInterrupt
                0x00081cd0        0x4 C:\Users\joaoc\AppData\Local\arduino15\packages\arduino\hardware\sam\1.6.4\variants\arduino_due_x/libsam_sam3x8e_gcc_rel.a(pio.o)
                0x00081cd0                PIO_DisableInterrupt
 .text.PIO_PullUp
                0x00081cd4        0xa C:\Users\joaoc\AppData\Local\arduino15\packages\arduino\hardware\sam\1.6.4\variants\arduino_due_x/libsam_sam3x8e_gcc_rel.a(pio.o)
                0x00081cd4                PIO_PullUp
 .text.PIO_Get  0x00081cde       0x16 C:\Users\joaoc\AppData\Local\arduino15\packages\arduino\hardware\sam\1.6.4\variants\arduino_due_x/libsam_sam3x8e_gcc_rel.a(pio.o)
                0x00081cde                PIO_Get
 .text.PIO_SetPeripheral
                0x00081cf4       0x2a C:\Users\joaoc\AppData\Local\arduino15\packages\arduino\hardware\sam\1.6.4\variants\arduino_due_x/libsam_sam3x8e_gcc_rel.a(pio.o)
                0x00081cf4                PIO_SetPeripheral
 *fill*         0x00081d1e        0x2 
 .text.PIO_SetInput
                0x00081d20       0x40 C:\Users\joaoc\AppData\Local\arduino15\packages\arduino\hardware\sam\1.6.4\variants\arduino_due_x/libsam_sam3x8e_gcc_rel.a(pio.o)
                0x00081d20                PIO_SetInput
 .text.PIO_SetOutput
                0x00081d60       0x38 C:\Users\joaoc\AppData\Local\arduino15\packages\arduino\hardware\sam\1.6.4\variants\arduino_due_x/libsam_sam3x8e_gcc_rel.a(pio.o)
                0x00081d60                PIO_SetOutput
 .text.PIO_Configure
                0x00081d98       0x74 C:\Users\joaoc\AppData\Local\arduino15\packages\arduino\hardware\sam\1.6.4\variants\arduino_due_x/libsam_sam3x8e_gcc_rel.a(pio.o)
                0x00081d98                PIO_Configure
 .text.PIO_GetOutputDataStatus
                0x00081e0c       0x16 C:\Users\joaoc\AppData\Local\arduino15\packages\arduino\hardware\sam\1.6.4\variants\arduino_due_x/libsam_sam3x8e_gcc_rel.a(pio.o)
                0x00081e0c                PIO_GetOutputDataStatus
 *fill*         0x00081e22        0x2 
 .text.pmc_enable_upll_clock
                0x00081e24       0x18 C:\Users\joaoc\AppData\Local\arduino15\packages\arduino\hardware\sam\1.6.4\variants\arduino_due_x/libsam_sam3x8e_gcc_rel.a(pmc.o)
                0x00081e24                pmc_enable_upll_clock
 .text.pmc_enable_periph_clk
                0x00081e3c       0x48 C:\Users\joaoc\AppData\Local\arduino15\packages\arduino\hardware\sam\1.6.4\variants\arduino_due_x/libsam_sam3x8e_gcc_rel.a(pmc.o)
                0x00081e3c                pmc_enable_periph_clk
 .text.pmc_disable_periph_clk
                0x00081e84       0x48 C:\Users\joaoc\AppData\Local\arduino15\packages\arduino\hardware\sam\1.6.4\variants\arduino_due_x/libsam_sam3x8e_gcc_rel.a(pmc.o)
                0x00081e84                pmc_disable_periph_clk
 .text.pmc_switch_udpck_to_upllck
                0x00081ecc       0x14 C:\Users\joaoc\AppData\Local\arduino15\packages\arduino\hardware\sam\1.6.4\variants\arduino_due_x/libsam_sam3x8e_gcc_rel.a(pmc.o)
                0x00081ecc                pmc_switch_udpck_to_upllck
 .text.pmc_enable_udpck
                0x00081ee0        0xc C:\Users\joaoc\AppData\Local\arduino15\packages\arduino\hardware\sam\1.6.4\variants\arduino_due_x/libsam_sam3x8e_gcc_rel.a(pmc.o)
                0x00081ee0                pmc_enable_udpck
 .text.TimeTick_Increment
                0x00081eec       0x10 C:\Users\joaoc\AppData\Local\arduino15\packages\arduino\hardware\sam\1.6.4\variants\arduino_due_x/libsam_sam3x8e_gcc_rel.a(timetick.o)
                0x00081eec                TimeTick_Increment
 .text.GetTickCount
                0x00081efc        0xc C:\Users\joaoc\AppData\Local\arduino15\packages\arduino\hardware\sam\1.6.4\variants\arduino_due_x/libsam_sam3x8e_gcc_rel.a(timetick.o)
                0x00081efc                GetTickCount
 .text.WDT_Disable
                0x00081f08        0x8 C:\Users\joaoc\AppData\Local\arduino15\packages\arduino\hardware\sam\1.6.4\variants\arduino_due_x/libsam_sam3x8e_gcc_rel.a(wdt.o)
                0x00081f08                WDT_Disable
 .text.SystemInit
                0x00081f10       0x9c C:\Users\joaoc\AppData\Local\arduino15\packages\arduino\hardware\sam\1.6.4\variants\arduino_due_x/libsam_sam3x8e_gcc_rel.a(system_sam3xa.o)
                0x00081f10                SystemInit
 .text.adc_init
                0x00081fac       0xa0 C:\Users\joaoc\AppData\Local\arduino15\packages\arduino\hardware\sam\1.6.4\variants\arduino_due_x/libsam_sam3x8e_gcc_rel.a(adc.o)
                0x00081fac                adc_init
 .text.adc_configure_trigger
                0x0008204c       0x10 C:\Users\joaoc\AppData\Local\arduino15\packages\arduino\hardware\sam\1.6.4\variants\arduino_due_x/libsam_sam3x8e_gcc_rel.a(adc.o)
                0x0008204c                adc_configure_trigger
 .text.adc_configure_timing
                0x0008205c       0x1a C:\Users\joaoc\AppData\Local\arduino15\packages\arduino\hardware\sam\1.6.4\variants\arduino_due_x/libsam_sam3x8e_gcc_rel.a(adc.o)
                0x0008205c                adc_configure_timing
 .text.adc_start
                0x00082076        0x6 C:\Users\joaoc\AppData\Local\arduino15\packages\arduino\hardware\sam\1.6.4\variants\arduino_due_x/libsam_sam3x8e_gcc_rel.a(adc.o)
                0x00082076                adc_start
 .text.adc_enable_channel
                0x0008207c        0x8 C:\Users\joaoc\AppData\Local\arduino15\packages\arduino\hardware\sam\1.6.4\variants\arduino_due_x/libsam_sam3x8e_gcc_rel.a(adc.o)
                0x0008207c                adc_enable_channel
 .text.adc_disable_channel
                0x00082084        0x8 C:\Users\joaoc\AppData\Local\arduino15\packages\arduino\hardware\sam\1.6.4\variants\arduino_due_x/libsam_sam3x8e_gcc_rel.a(adc.o)
                0x00082084                adc_disable_channel
 .text.adc_disable_all_channel
                0x0008208c        0x8 C:\Users\joaoc\AppData\Local\arduino15\packages\arduino\hardware\sam\1.6.4\variants\arduino_due_x/libsam_sam3x8e_gcc_rel.a(adc.o)
                0x0008208c                adc_disable_all_channel
 .text.adc_get_latest_value
                0x00082094        0x4 C:\Users\joaoc\AppData\Local\arduino15\packages\arduino\hardware\sam\1.6.4\variants\arduino_due_x/libsam_sam3x8e_gcc_rel.a(adc.o)
                0x00082094                adc_get_latest_value
 .text.adc_disable_interrupt
                0x00082098        0x4 C:\Users\joaoc\AppData\Local\arduino15\packages\arduino\hardware\sam\1.6.4\variants\arduino_due_x/libsam_sam3x8e_gcc_rel.a(adc.o)
                0x00082098                adc_disable_interrupt
 .text.adc_get_status
                0x0008209c        0x4 C:\Users\joaoc\AppData\Local\arduino15\packages\arduino\hardware\sam\1.6.4\variants\arduino_due_x/libsam_sam3x8e_gcc_rel.a(adc.o)
                0x0008209c                adc_get_status
 .text.UDD_SetStack
                0x000820a0        0xc C:\Users\joaoc\AppData\Local\arduino15\packages\arduino\hardware\sam\1.6.4\variants\arduino_due_x/libsam_sam3x8e_gcc_rel.a(uotghs_device.o)
                0x000820a0                UDD_SetStack
 .text.UDD_Init
                0x000820ac       0xd0 C:\Users\joaoc\AppData\Local\arduino15\packages\arduino\hardware\sam\1.6.4\variants\arduino_due_x/libsam_sam3x8e_gcc_rel.a(uotghs_device.o)
                0x000820ac                UDD_Init
 .text.UDD_Attach
                0x0008217c       0x4c C:\Users\joaoc\AppData\Local\arduino15\packages\arduino\hardware\sam\1.6.4\variants\arduino_due_x/libsam_sam3x8e_gcc_rel.a(uotghs_device.o)
                0x0008217c                UDD_Attach
 .text.UDD_InitEP
                0x000821c8       0x30 C:\Users\joaoc\AppData\Local\arduino15\packages\arduino\hardware\sam\1.6.4\variants\arduino_due_x/libsam_sam3x8e_gcc_rel.a(uotghs_device.o)
                0x000821c8                UDD_InitEP
 .text.UDD_InitEndpoints
                0x000821f8       0x3c C:\Users\joaoc\AppData\Local\arduino15\packages\arduino\hardware\sam\1.6.4\variants\arduino_due_x/libsam_sam3x8e_gcc_rel.a(uotghs_device.o)
                0x000821f8                UDD_InitEndpoints
 .text.UDD_WaitIN
                0x00082234       0x14 C:\Users\joaoc\AppData\Local\arduino15\packages\arduino\hardware\sam\1.6.4\variants\arduino_due_x/libsam_sam3x8e_gcc_rel.a(uotghs_device.o)
                0x00082234                UDD_WaitIN
 .text.UDD_WaitOUT
                0x00082248       0x14 C:\Users\joaoc\AppData\Local\arduino15\packages\arduino\hardware\sam\1.6.4\variants\arduino_due_x/libsam_sam3x8e_gcc_rel.a(uotghs_device.o)
                0x00082248                UDD_WaitOUT
 .text.UDD_ClearIN
                0x0008225c       0x18 C:\Users\joaoc\AppData\Local\arduino15\packages\arduino\hardware\sam\1.6.4\variants\arduino_due_x/libsam_sam3x8e_gcc_rel.a(uotghs_device.o)
                0x0008225c                UDD_ClearIN
 .text.UDD_ClearOUT
                0x00082274       0x18 C:\Users\joaoc\AppData\Local\arduino15\packages\arduino\hardware\sam\1.6.4\variants\arduino_due_x/libsam_sam3x8e_gcc_rel.a(uotghs_device.o)
                0x00082274                UDD_ClearOUT
 .text.UDD_ReceivedSetupInt
                0x0008228c       0x10 C:\Users\joaoc\AppData\Local\arduino15\packages\arduino\hardware\sam\1.6.4\variants\arduino_due_x/libsam_sam3x8e_gcc_rel.a(uotghs_device.o)
                0x0008228c                UDD_ReceivedSetupInt
 .text.UDD_ClearSetupInt
                0x0008229c       0x10 C:\Users\joaoc\AppData\Local\arduino15\packages\arduino\hardware\sam\1.6.4\variants\arduino_due_x/libsam_sam3x8e_gcc_rel.a(uotghs_device.o)
                0x0008229c                UDD_ClearSetupInt
 .text.UDD_Send
                0x000822ac       0x90 C:\Users\joaoc\AppData\Local\arduino15\packages\arduino\hardware\sam\1.6.4\variants\arduino_due_x/libsam_sam3x8e_gcc_rel.a(uotghs_device.o)
                0x000822ac                UDD_Send
 .text.UDD_Send8
                0x0008233c       0x28 C:\Users\joaoc\AppData\Local\arduino15\packages\arduino\hardware\sam\1.6.4\variants\arduino_due_x/libsam_sam3x8e_gcc_rel.a(uotghs_device.o)
                0x0008233c                UDD_Send8
 .text.UDD_Recv8
                0x00082364       0x28 C:\Users\joaoc\AppData\Local\arduino15\packages\arduino\hardware\sam\1.6.4\variants\arduino_due_x/libsam_sam3x8e_gcc_rel.a(uotghs_device.o)
                0x00082364                UDD_Recv8
 .text.UDD_Recv
                0x0008238c       0x34 C:\Users\joaoc\AppData\Local\arduino15\packages\arduino\hardware\sam\1.6.4\variants\arduino_due_x/libsam_sam3x8e_gcc_rel.a(uotghs_device.o)
                0x0008238c                UDD_Recv
 .text.UDD_Stall
                0x000823c0       0x14 C:\Users\joaoc\AppData\Local\arduino15\packages\arduino\hardware\sam\1.6.4\variants\arduino_due_x/libsam_sam3x8e_gcc_rel.a(uotghs_device.o)
                0x000823c0                UDD_Stall
 .text.UDD_FifoByteCount
                0x000823d4       0x1c C:\Users\joaoc\AppData\Local\arduino15\packages\arduino\hardware\sam\1.6.4\variants\arduino_due_x/libsam_sam3x8e_gcc_rel.a(uotghs_device.o)
                0x000823d4                UDD_FifoByteCount
 .text.UDD_ReleaseRX
                0x000823f0       0x2c C:\Users\joaoc\AppData\Local\arduino15\packages\arduino\hardware\sam\1.6.4\variants\arduino_due_x/libsam_sam3x8e_gcc_rel.a(uotghs_device.o)
                0x000823f0                UDD_ReleaseRX
 .text.UDD_ReleaseTX
                0x0008241c       0x2c C:\Users\joaoc\AppData\Local\arduino15\packages\arduino\hardware\sam\1.6.4\variants\arduino_due_x/libsam_sam3x8e_gcc_rel.a(uotghs_device.o)
                0x0008241c                UDD_ReleaseTX
 .text.UDD_SetAddress
                0x00082448       0x20 C:\Users\joaoc\AppData\Local\arduino15\packages\arduino\hardware\sam\1.6.4\variants\arduino_due_x/libsam_sam3x8e_gcc_rel.a(uotghs_device.o)
                0x00082448                UDD_SetAddress
 .text.__libc_init_array
                0x00082468       0x50 c:/users/joaoc/appdata/local/arduino15/packages/arduino/tools/arm-none-eabi-gcc/4.8.3-2014q1/bin/../lib/gcc/arm-none-eabi/4.8.3/../../../../arm-none-eabi/lib/armv7-m\libg.a(lib_a-init.o)
                0x00082468                __libc_init_array
 .text.malloc   0x000824b8       0x10 c:/users/joaoc/appdata/local/arduino15/packages/arduino/tools/arm-none-eabi-gcc/4.8.3-2014q1/bin/../lib/gcc/arm-none-eabi/4.8.3/../../../../arm-none-eabi/lib/armv7-m\libg.a(lib_a-malloc.o)
                0x000824b8                malloc
 .text.free     0x000824c8       0x10 c:/users/joaoc/appdata/local/arduino15/packages/arduino/tools/arm-none-eabi-gcc/4.8.3-2014q1/bin/../lib/gcc/arm-none-eabi/4.8.3/../../../../arm-none-eabi/lib/armv7-m\libg.a(lib_a-malloc.o)
                0x000824c8                free
 .text._malloc_r
                0x000824d8      0x538 c:/users/joaoc/appdata/local/arduino15/packages/arduino/tools/arm-none-eabi-gcc/4.8.3-2014q1/bin/../lib/gcc/arm-none-eabi/4.8.3/../../../../arm-none-eabi/lib/armv7-m\libg.a(lib_a-mallocr.o)
                0x000824d8                _malloc_r
 .text.memmove  0x00082a10       0xcc c:/users/joaoc/appdata/local/arduino15/packages/arduino/tools/arm-none-eabi-gcc/4.8.3-2014q1/bin/../lib/gcc/arm-none-eabi/4.8.3/../../../../arm-none-eabi/lib/armv7-m\libg.a(lib_a-memmove.o)
                0x00082a10                memmove
 .text.memset   0x00082adc       0x94 c:/users/joaoc/appdata/local/arduino15/packages/arduino/tools/arm-none-eabi-gcc/4.8.3-2014q1/bin/../lib/gcc/arm-none-eabi/4.8.3/../../../../arm-none-eabi/lib/armv7-m\libg.a(lib_a-memset.o)
                0x00082adc                memset
 .text.__malloc_lock
                0x00082b70        0x4 c:/users/joaoc/appdata/local/arduino15/packages/arduino/tools/arm-none-eabi-gcc/4.8.3-2014q1/bin/../lib/gcc/arm-none-eabi/4.8.3/../../../../arm-none-eabi/lib/armv7-m\libg.a(lib_a-mlock.o)
                0x00082b70                __malloc_lock
 .text.__malloc_unlock
                0x00082b74        0x4 c:/users/joaoc/appdata/local/arduino15/packages/arduino/tools/arm-none-eabi-gcc/4.8.3-2014q1/bin/../lib/gcc/arm-none-eabi/4.8.3/../../../../arm-none-eabi/lib/armv7-m\libg.a(lib_a-mlock.o)
                0x00082b74                __malloc_unlock
 .text.realloc  0x00082b78       0x10 c:/users/joaoc/appdata/local/arduino15/packages/arduino/tools/arm-none-eabi-gcc/4.8.3-2014q1/bin/../lib/gcc/arm-none-eabi/4.8.3/../../../../arm-none-eabi/lib/armv7-m\libg.a(lib_a-realloc.o)
                0x00082b78                realloc
 .text._realloc_r
                0x00082b88      0x3c0 c:/users/joaoc/appdata/local/arduino15/packages/arduino/tools/arm-none-eabi-gcc/4.8.3-2014q1/bin/../lib/gcc/arm-none-eabi/4.8.3/../../../../arm-none-eabi/lib/armv7-m\libg.a(lib_a-reallocr.o)
                0x00082b88                _realloc_r
 .text._sbrk_r  0x00082f48       0x24 c:/users/joaoc/appdata/local/arduino15/packages/arduino/tools/arm-none-eabi-gcc/4.8.3-2014q1/bin/../lib/gcc/arm-none-eabi/4.8.3/../../../../arm-none-eabi/lib/armv7-m\libg.a(lib_a-sbrkr.o)
                0x00082f48                _sbrk_r
 .text          0x00082f6c      0x23c c:/users/joaoc/appdata/local/arduino15/packages/arduino/tools/arm-none-eabi-gcc/4.8.3-2014q1/bin/../lib/gcc/arm-none-eabi/4.8.3/../../../../arm-none-eabi/lib/armv7-m\libg.a(lib_a-strcmp.o)
                0x00082f6c                strcmp
 .text.strcpy   0x000831a8       0xbc c:/users/joaoc/appdata/local/arduino15/packages/arduino/tools/arm-none-eabi-gcc/4.8.3-2014q1/bin/../lib/gcc/arm-none-eabi/4.8.3/../../../../arm-none-eabi/lib/armv7-m\libg.a(lib_a-strcpy.o)
                0x000831a8                strcpy
 .text.strlen   0x00083264       0x60 c:/users/joaoc/appdata/local/arduino15/packages/arduino/tools/arm-none-eabi-gcc/4.8.3-2014q1/bin/../lib/gcc/arm-none-eabi/4.8.3/../../../../arm-none-eabi/lib/armv7-m\libg.a(lib_a-strlen.o)
                0x00083264                strlen
 .text.startup.register_fini
                0x000832c4       0x14 c:/users/joaoc/appdata/local/arduino15/packages/arduino/tools/arm-none-eabi-gcc/4.8.3-2014q1/bin/../lib/gcc/arm-none-eabi/4.8.3/../../../../arm-none-eabi/lib/armv7-m\libg.a(lib_a-__call_atexit.o)
 .text.atexit   0x000832d8        0xc c:/users/joaoc/appdata/local/arduino15/packages/arduino/tools/arm-none-eabi-gcc/4.8.3-2014q1/bin/../lib/gcc/arm-none-eabi/4.8.3/../../../../arm-none-eabi/lib/armv7-m\libg.a(lib_a-atexit.o)
                0x000832d8                atexit
 .text.__libc_fini_array
                0x000832e4       0x30 c:/users/joaoc/appdata/local/arduino15/packages/arduino/tools/arm-none-eabi-gcc/4.8.3-2014q1/bin/../lib/gcc/arm-none-eabi/4.8.3/../../../../arm-none-eabi/lib/armv7-m\libg.a(lib_a-fini.o)
                0x000832e4                __libc_fini_array
 .text._malloc_trim_r
                0x00083314       0x9c c:/users/joaoc/appdata/local/arduino15/packages/arduino/tools/arm-none-eabi-gcc/4.8.3-2014q1/bin/../lib/gcc/arm-none-eabi/4.8.3/../../../../arm-none-eabi/lib/armv7-m\libg.a(lib_a-freer.o)
                0x00083314                _malloc_trim_r
 .text._free_r  0x000833b0      0x198 c:/users/joaoc/appdata/local/arduino15/packages/arduino/tools/arm-none-eabi-gcc/4.8.3-2014q1/bin/../lib/gcc/arm-none-eabi/4.8.3/../../../../arm-none-eabi/lib/armv7-m\libg.a(lib_a-freer.o)
                0x000833b0                _free_r
 .text.__register_exitproc
                0x00083548       0xa8 c:/users/joaoc/appdata/local/arduino15/packages/arduino/tools/arm-none-eabi-gcc/4.8.3-2014q1/bin/../lib/gcc/arm-none-eabi/4.8.3/../../../../arm-none-eabi/lib/armv7-m\libg.a(lib_a-__atexit.o)
                0x00083548                __register_exitproc
 *(.glue_7t)
 .glue_7t       0x00000000        0x0 linker stubs
 *(.glue_7)
 .glue_7        0x00000000        0x0 linker stubs
 *(.rodata .rodata* .gnu.linkonce.r.*)
 .rodata        0x000835f0       0x30 C:\Users\joaoc\AppData\Local\Temp\VMicroBuilds\Resolver\arduino_due_x_dbg\Resolver.cpp.o
 .rodata.str1.1
                0x00083620       0x16 C:\Users\joaoc\AppData\Local\Temp\VMicroBuilds\Resolver\arduino_due_x_dbg\Resolver.cpp.o
 *fill*         0x00083636        0x2 
 .rodata._ZTV13LiquidCrystal
                0x00083638       0x10 C:\Users\joaoc\AppData\Local\Temp\VMicroBuilds\Resolver\arduino_due_x_dbg\LiquidCrystal\LiquidCrystal.cpp.o
                0x00083638                vtable for LiquidCrystal
 .rodata.str1.1
                0x00000000       0x16 C:\Users\joaoc\AppData\Local\Temp\VMicroBuilds\Resolver\arduino_due_x_dbg/core.a(WString.cpp.o)
                                  0x1 (size before relaxing)
 .rodata.STRING_PRODUCT
                0x00083648        0xc C:\Users\joaoc\AppData\Local\Temp\VMicroBuilds\Resolver\arduino_due_x_dbg/core.a(USBCore.cpp.o)
                0x00083648                STRING_PRODUCT
 .rodata.USB_DeviceDescriptor
                0x00083654       0x12 C:\Users\joaoc\AppData\Local\Temp\VMicroBuilds\Resolver\arduino_due_x_dbg/core.a(USBCore.cpp.o)
                0x00083654                USB_DeviceDescriptor
 *fill*         0x00083666        0x2 
 .rodata._ZL9EndPoints
                0x00083668       0x14 C:\Users\joaoc\AppData\Local\Temp\VMicroBuilds\Resolver\arduino_due_x_dbg/core.a(USBCore.cpp.o)
 .rodata.STRING_LANGUAGE
                0x0008367c        0x4 C:\Users\joaoc\AppData\Local\Temp\VMicroBuilds\Resolver\arduino_due_x_dbg/core.a(USBCore.cpp.o)
                0x0008367c                STRING_LANGUAGE
 .rodata._ZL18test_packet_buffer
                0x00083680       0x35 C:\Users\joaoc\AppData\Local\Temp\VMicroBuilds\Resolver\arduino_due_x_dbg/core.a(USBCore.cpp.o)
 .rodata.STRING_MANUFACTURER
                0x000836b5        0xc C:\Users\joaoc\AppData\Local\Temp\VMicroBuilds\Resolver\arduino_due_x_dbg/core.a(USBCore.cpp.o)
                0x000836b5                STRING_MANUFACTURER
 .rodata.USB_DeviceDescriptorA
                0x000836c1       0x12 C:\Users\joaoc\AppData\Local\Temp\VMicroBuilds\Resolver\arduino_due_x_dbg/core.a(USBCore.cpp.o)
                0x000836c1                USB_DeviceDescriptorA
 .rodata._ZL19USB_DeviceQualifier
                0x000836d3       0x12 C:\Users\joaoc\AppData\Local\Temp\VMicroBuilds\Resolver\arduino_due_x_dbg/core.a(USBCore.cpp.o)
 *fill*         0x000836e5        0x3 
 .rodata.g_APinDescription
                0x000836e8      0xa2c C:\Users\joaoc\AppData\Local\Temp\VMicroBuilds\Resolver\arduino_due_x_dbg/core.a(variant.cpp.o)
                0x000836e8                g_APinDescription
 *fill*         0x00084114        0x4 
 .rodata._ZTV9UARTClass
                0x00084118       0x30 C:\Users\joaoc\AppData\Local\Temp\VMicroBuilds\Resolver\arduino_due_x_dbg/core.a(UARTClass.cpp.o)
                0x00084118                vtable for UARTClass
 .rodata._ZTV10USARTClass
                0x00084148       0x30 C:\Users\joaoc\AppData\Local\Temp\VMicroBuilds\Resolver\arduino_due_x_dbg/core.a(USARTClass.cpp.o)
                0x00084148                vtable for USARTClass
 .rodata._ZTV7Serial_
                0x00084178       0x28 C:\Users\joaoc\AppData\Local\Temp\VMicroBuilds\Resolver\arduino_due_x_dbg/core.a(CDC.cpp.o)
                0x00084178                vtable for Serial_
 .rodata._ZL18_cdcOtherInterface
                0x000841a0       0x42 C:\Users\joaoc\AppData\Local\Temp\VMicroBuilds\Resolver\arduino_due_x_dbg/core.a(CDC.cpp.o)
 .rodata._ZL13_cdcInterface
                0x000841e2       0x42 C:\Users\joaoc\AppData\Local\Temp\VMicroBuilds\Resolver\arduino_due_x_dbg/core.a(CDC.cpp.o)
 *fill*         0x00084224        0x4 
 .rodata._ZTV9Keyboard_
                0x00084228       0x20 C:\Users\joaoc\AppData\Local\Temp\VMicroBuilds\Resolver\arduino_due_x_dbg/core.a(HID.cpp.o)
                0x00084228                vtable for Keyboard_
 .rodata._asciimap
                0x00084248       0x80 C:\Users\joaoc\AppData\Local\Temp\VMicroBuilds\Resolver\arduino_due_x_dbg/core.a(HID.cpp.o)
                0x00084248                _asciimap
 .rodata._hidInterface
                0x000842c8       0x19 C:\Users\joaoc\AppData\Local\Temp\VMicroBuilds\Resolver\arduino_due_x_dbg/core.a(HID.cpp.o)
                0x000842c8                _hidInterface
 .rodata._hidReportDescriptor
                0x000842e1       0x65 C:\Users\joaoc\AppData\Local\Temp\VMicroBuilds\Resolver\arduino_due_x_dbg/core.a(HID.cpp.o)
                0x000842e1                _hidReportDescriptor
 *fill*         0x00084346        0x2 
 .rodata.C.0.8146
                0x00084348       0x40 C:\Users\joaoc\AppData\Local\arduino15\packages\arduino\hardware\sam\1.6.4\variants\arduino_due_x/libsam_sam3x8e_gcc_rel.a(adc.o)
 .rodata.str1.4
                0x00084388        0x4 c:/users/joaoc/appdata/local/arduino15/packages/arduino/tools/arm-none-eabi-gcc/4.8.3-2014q1/bin/../lib/gcc/arm-none-eabi/4.8.3/../../../../arm-none-eabi/lib/armv7-m\libg.a(lib_a-impure.o)
 .rodata._global_impure_ptr
                0x0008438c        0x4 c:/users/joaoc/appdata/local/arduino15/packages/arduino/tools/arm-none-eabi-gcc/4.8.3-2014q1/bin/../lib/gcc/arm-none-eabi/4.8.3/../../../../arm-none-eabi/lib/armv7-m\libg.a(lib_a-impure.o)
                0x0008438c                _global_impure_ptr
 *(.ARM.extab* .gnu.linkonce.armextab.*)
                0x00084390                . = ALIGN (0x4)
 *(.init)
 .init          0x00084390        0x4 c:/users/joaoc/appdata/local/arduino15/packages/arduino/tools/arm-none-eabi-gcc/4.8.3-2014q1/bin/../lib/gcc/arm-none-eabi/4.8.3/armv7-m/crti.o
                0x00084390                _init
 .init          0x00084394        0x8 c:/users/joaoc/appdata/local/arduino15/packages/arduino/tools/arm-none-eabi-gcc/4.8.3-2014q1/bin/../lib/gcc/arm-none-eabi/4.8.3/armv7-m/crtn.o
                0x0008439c                . = ALIGN (0x4)
                0x0008439c                __preinit_array_start = .
 *(.preinit_array)
                0x0008439c                __preinit_array_end = .
                0x0008439c                . = ALIGN (0x4)
                0x0008439c                __init_array_start = .
 *(SORT(.init_array.*))
 .init_array.00000
                0x0008439c        0x4 c:/users/joaoc/appdata/local/arduino15/packages/arduino/tools/arm-none-eabi-gcc/4.8.3-2014q1/bin/../lib/gcc/arm-none-eabi/4.8.3/../../../../arm-none-eabi/lib/armv7-m\libg.a(lib_a-__call_atexit.o)
 *(.init_array)
 .init_array    0x000843a0        0x4 c:/users/joaoc/appdata/local/arduino15/packages/arduino/tools/arm-none-eabi-gcc/4.8.3-2014q1/bin/../lib/gcc/arm-none-eabi/4.8.3/armv7-m/crtbegin.o
 .init_array    0x000843a4        0x4 C:\Users\joaoc\AppData\Local\Temp\VMicroBuilds\Resolver\arduino_due_x_dbg\Resolver.cpp.o
 .init_array    0x000843a8        0x4 C:\Users\joaoc\AppData\Local\Temp\VMicroBuilds\Resolver\arduino_due_x_dbg/core.a(USBCore.cpp.o)
 .init_array    0x000843ac        0x4 C:\Users\joaoc\AppData\Local\Temp\VMicroBuilds\Resolver\arduino_due_x_dbg/core.a(variant.cpp.o)
 .init_array    0x000843b0        0x4 C:\Users\joaoc\AppData\Local\Temp\VMicroBuilds\Resolver\arduino_due_x_dbg/core.a(CDC.cpp.o)
 .init_array    0x000843b4        0x4 C:\Users\joaoc\AppData\Local\Temp\VMicroBuilds\Resolver\arduino_due_x_dbg/core.a(HID.cpp.o)
                0x000843b8                __init_array_end = .
                0x000843b8                . = ALIGN (0x4)
 *crtbegin.o(.ctors)
 *(EXCLUDE_FILE(*crtend.o) .ctors)
 *(SORT(.ctors.*))
 *crtend.o(.ctors)
                0x000843b8                . = ALIGN (0x4)
 *(.fini)
 .fini          0x000843b8        0x4 c:/users/joaoc/appdata/local/arduino15/packages/arduino/tools/arm-none-eabi-gcc/4.8.3-2014q1/bin/../lib/gcc/arm-none-eabi/4.8.3/armv7-m/crti.o
                0x000843b8                _fini
 .fini          0x000843bc        0x8 c:/users/joaoc/appdata/local/arduino15/packages/arduino/tools/arm-none-eabi-gcc/4.8.3-2014q1/bin/../lib/gcc/arm-none-eabi/4.8.3/armv7-m/crtn.o
                0x000843c4                . = ALIGN (0x4)
                0x000843c4                __fini_array_start = .
 *(.fini_array)
 .fini_array    0x000843c4        0x4 c:/users/joaoc/appdata/local/arduino15/packages/arduino/tools/arm-none-eabi-gcc/4.8.3-2014q1/bin/../lib/gcc/arm-none-eabi/4.8.3/armv7-m/crtbegin.o
 *(SORT(.fini_array.*))
                0x000843c8                __fini_array_end = .
 *crtbegin.o(.dtors)
 *(EXCLUDE_FILE(*crtend.o) .dtors)
 *(SORT(.dtors.*))
 *crtend.o(.dtors)
                0x000843c8                . = ALIGN (0x4)
                0x000843c8                _efixed = .
                0x000843c8                PROVIDE (__exidx_start, .)

.vfp11_veneer   0x000843c8        0x0
 .vfp11_veneer  0x00000000        0x0 linker stubs

.v4_bx          0x000843c8        0x0
 .v4_bx         0x00000000        0x0 linker stubs

.iplt           0x000843c8        0x0
 .iplt          0x00000000        0x0 c:/users/joaoc/appdata/local/arduino15/packages/arduino/tools/arm-none-eabi-gcc/4.8.3-2014q1/bin/../lib/gcc/arm-none-eabi/4.8.3/armv7-m/crtbegin.o

.eh_frame       0x000843c8        0x0
 .eh_frame      0x000843c8        0x0 c:/users/joaoc/appdata/local/arduino15/packages/arduino/tools/arm-none-eabi-gcc/4.8.3-2014q1/bin/../lib/gcc/arm-none-eabi/4.8.3/armv7-m/crtbegin.o

.rel.dyn        0x000843c8        0x0
 .rel.iplt      0x00000000        0x0 c:/users/joaoc/appdata/local/arduino15/packages/arduino/tools/arm-none-eabi-gcc/4.8.3-2014q1/bin/../lib/gcc/arm-none-eabi/4.8.3/armv7-m/crtbegin.o

.jcr            0x000843c8        0x0
 .jcr           0x000843c8        0x0 c:/users/joaoc/appdata/local/arduino15/packages/arduino/tools/arm-none-eabi-gcc/4.8.3-2014q1/bin/../lib/gcc/arm-none-eabi/4.8.3/armv7-m/crtbegin.o

.igot.plt       0x000843c8        0x0
 .igot.plt      0x00000000        0x0 c:/users/joaoc/appdata/local/arduino15/packages/arduino/tools/arm-none-eabi-gcc/4.8.3-2014q1/bin/../lib/gcc/arm-none-eabi/4.8.3/armv7-m/crtbegin.o

.ARM.exidx
 *(.ARM.exidx* .gnu.linkonce.armexidx.*)
                0x000843c8                PROVIDE (__exidx_end, .)
                0x000843c8                . = ALIGN (0x4)
                0x000843c8                _etext = .

.relocate       0x20070000      0x88c load address 0x000843c8
                0x20070000                . = ALIGN (0x4)
                0x20070000                _srelocate = .
 *(.ramfunc .ramfunc.*)
 .ramfunc       0x20070000       0x2c C:\Users\joaoc\AppData\Local\Temp\VMicroBuilds\Resolver\arduino_due_x_dbg/core.a(Reset.cpp.o)
                0x20070000                banzai
 *(.data .data.*)
 .data.latestSelectedChannel.9367
                0x2007002c        0x4 C:\Users\joaoc\AppData\Local\Temp\VMicroBuilds\Resolver\arduino_due_x_dbg/core.a(wiring_analog.c.o)
 .data._readResolution
                0x20070030        0x4 C:\Users\joaoc\AppData\Local\Temp\VMicroBuilds\Resolver\arduino_due_x_dbg/core.a(wiring_analog.c.o)
 .data._ZL5ticks
                0x20070034        0x4 C:\Users\joaoc\AppData\Local\Temp\VMicroBuilds\Resolver\arduino_due_x_dbg/core.a(Reset.cpp.o)
 .data._ZL12_usbLineInfo
                0x20070038        0x8 C:\Users\joaoc\AppData\Local\Temp\VMicroBuilds\Resolver\arduino_due_x_dbg/core.a(CDC.cpp.o)
 .data._hid_protocol
                0x20070040        0x1 C:\Users\joaoc\AppData\Local\Temp\VMicroBuilds\Resolver\arduino_due_x_dbg/core.a(HID.cpp.o)
                0x20070040                _hid_protocol
 .data._hid_idle
                0x20070041        0x1 C:\Users\joaoc\AppData\Local\Temp\VMicroBuilds\Resolver\arduino_due_x_dbg/core.a(HID.cpp.o)
                0x20070041                _hid_idle
 *fill*         0x20070042        0x2 
 .data.SystemCoreClock
                0x20070044        0x4 C:\Users\joaoc\AppData\Local\arduino15\packages\arduino\hardware\sam\1.6.4\variants\arduino_due_x/libsam_sam3x8e_gcc_rel.a(system_sam3xa.o)
                0x20070044                SystemCoreClock
 .data.g_interrupt_enabled
                0x20070048        0x4 C:\Users\joaoc\AppData\Local\arduino15\packages\arduino\hardware\sam\1.6.4\variants\arduino_due_x/libsam_sam3x8e_gcc_rel.a(interrupt_sam_nvic.o)
                0x20070048                g_interrupt_enabled
 *fill*         0x2007004c        0x4 
 .data.impure_data
                0x20070050      0x428 c:/users/joaoc/appdata/local/arduino15/packages/arduino/tools/arm-none-eabi-gcc/4.8.3-2014q1/bin/../lib/gcc/arm-none-eabi/4.8.3/../../../../arm-none-eabi/lib/armv7-m\libg.a(lib_a-impure.o)
 .data._impure_ptr
                0x20070478        0x4 c:/users/joaoc/appdata/local/arduino15/packages/arduino/tools/arm-none-eabi-gcc/4.8.3-2014q1/bin/../lib/gcc/arm-none-eabi/4.8.3/../../../../arm-none-eabi/lib/armv7-m\libg.a(lib_a-impure.o)
                0x20070478                _impure_ptr
 .data.__malloc_av_
                0x2007047c      0x408 c:/users/joaoc/appdata/local/arduino15/packages/arduino/tools/arm-none-eabi-gcc/4.8.3-2014q1/bin/../lib/gcc/arm-none-eabi/4.8.3/../../../../arm-none-eabi/lib/armv7-m\libg.a(lib_a-mallocr.o)
                0x2007047c                __malloc_av_
 .data.__malloc_trim_threshold
                0x20070884        0x4 c:/users/joaoc/appdata/local/arduino15/packages/arduino/tools/arm-none-eabi-gcc/4.8.3-2014q1/bin/../lib/gcc/arm-none-eabi/4.8.3/../../../../arm-none-eabi/lib/armv7-m\libg.a(lib_a-mallocr.o)
                0x20070884                __malloc_trim_threshold
 .data.__malloc_sbrk_base
                0x20070888        0x4 c:/users/joaoc/appdata/local/arduino15/packages/arduino/tools/arm-none-eabi-gcc/4.8.3-2014q1/bin/../lib/gcc/arm-none-eabi/4.8.3/../../../../arm-none-eabi/lib/armv7-m\libg.a(lib_a-mallocr.o)
                0x20070888                __malloc_sbrk_base
                0x2007088c                . = ALIGN (0x4)
                0x2007088c                _erelocate = .

.bss            0x2007088c      0x8e8 load address 0x00084c54
                0x2007088c                . = ALIGN (0x4)
                0x2007088c                _sbss = .
                0x2007088c                _szero = .
 *(.bss .bss.*)
 .bss           0x2007088c       0x1c c:/users/joaoc/appdata/local/arduino15/packages/arduino/tools/arm-none-eabi-gcc/4.8.3-2014q1/bin/../lib/gcc/arm-none-eabi/4.8.3/armv7-m/crtbegin.o
 .bss.heap.6416
                0x200708a8        0x4 C:\Users\joaoc\AppData\Local\Temp\VMicroBuilds\Resolver\arduino_due_x_dbg/core/syscalls_sam3.c.o
 .bss.key       0x200708ac       0x24 C:\Users\joaoc\AppData\Local\Temp\VMicroBuilds\Resolver\arduino_due_x_dbg\Resolver.cpp.o
                0x200708ac                key
 .bss.selectionmillis
                0x200708d0        0x4 C:\Users\joaoc\AppData\Local\Temp\VMicroBuilds\Resolver\arduino_due_x_dbg\Resolver.cpp.o
                0x200708d0                selectionmillis
 .bss.fre       0x200708d4       0x38 C:\Users\joaoc\AppData\Local\Temp\VMicroBuilds\Resolver\arduino_due_x_dbg\Resolver.cpp.o
                0x200708d4                fre
 .bss.selectionstate
                0x2007090c        0x4 C:\Users\joaoc\AppData\Local\Temp\VMicroBuilds\Resolver\arduino_due_x_dbg\Resolver.cpp.o
                0x2007090c                selectionstate
 .bss.deg       0x20070910       0x38 C:\Users\joaoc\AppData\Local\Temp\VMicroBuilds\Resolver\arduino_due_x_dbg\Resolver.cpp.o
                0x20070910                deg
 .bss.lcd       0x20070948       0x1c C:\Users\joaoc\AppData\Local\Temp\VMicroBuilds\Resolver\arduino_due_x_dbg\Resolver.cpp.o
                0x20070948                lcd
 .bss.gpf_isr   0x20070964        0x4 C:\Users\joaoc\AppData\Local\arduino15\packages\arduino\hardware\sam\1.6.4\variants\arduino_due_x/libsam_sam3x8e_gcc_rel.a(uotghs.o)
                0x20070964                gpf_isr
 .bss.pinEnabled
                0x20070968       0x4f C:\Users\joaoc\AppData\Local\Temp\VMicroBuilds\Resolver\arduino_due_x_dbg/core.a(wiring_analog.c.o)
 .bss._ZL14isEndpointHalt
                0x200709b7        0x1 C:\Users\joaoc\AppData\Local\Temp\VMicroBuilds\Resolver\arduino_due_x_dbg/core.a(USBCore.cpp.o)
 .bss._cmark    0x200709b8        0x4 C:\Users\joaoc\AppData\Local\Temp\VMicroBuilds\Resolver\arduino_due_x_dbg/core.a(USBCore.cpp.o)
                0x200709b8                _cmark
 .bss._cend     0x200709bc        0x4 C:\Users\joaoc\AppData\Local\Temp\VMicroBuilds\Resolver\arduino_due_x_dbg/core.a(USBCore.cpp.o)
                0x200709bc                _cend
 .bss._cdcComposite
                0x200709c0        0x4 C:\Users\joaoc\AppData\Local\Temp\VMicroBuilds\Resolver\arduino_due_x_dbg/core.a(USBCore.cpp.o)
                0x200709c0                _cdcComposite
 .bss._ZL21isRemoteWakeUpEnabled
                0x200709c4        0x1 C:\Users\joaoc\AppData\Local\Temp\VMicroBuilds\Resolver\arduino_due_x_dbg/core.a(USBCore.cpp.o)
 *fill*         0x200709c5        0x3 
 .bss._usbInitialized
                0x200709c8        0x4 C:\Users\joaoc\AppData\Local\Temp\VMicroBuilds\Resolver\arduino_due_x_dbg/core.a(USBCore.cpp.o)
                0x200709c8                _usbInitialized
 .bss.USBDevice
                0x200709cc        0x1 C:\Users\joaoc\AppData\Local\Temp\VMicroBuilds\Resolver\arduino_due_x_dbg/core.a(USBCore.cpp.o)
                0x200709cc                USBDevice
 *fill*         0x200709cd        0x3 
 .bss._usbSetInterface
                0x200709d0        0x4 C:\Users\joaoc\AppData\Local\Temp\VMicroBuilds\Resolver\arduino_due_x_dbg/core.a(USBCore.cpp.o)
                0x200709d0                _usbSetInterface
 .bss._usbConfiguration
                0x200709d4        0x4 C:\Users\joaoc\AppData\Local\Temp\VMicroBuilds\Resolver\arduino_due_x_dbg/core.a(USBCore.cpp.o)
                0x200709d4                _usbConfiguration
 .bss.tx_buffer2
                0x200709d8       0x88 C:\Users\joaoc\AppData\Local\Temp\VMicroBuilds\Resolver\arduino_due_x_dbg/core.a(variant.cpp.o)
                0x200709d8                tx_buffer2
 .bss.tx_buffer1
                0x20070a60       0x88 C:\Users\joaoc\AppData\Local\Temp\VMicroBuilds\Resolver\arduino_due_x_dbg/core.a(variant.cpp.o)
                0x20070a60                tx_buffer1
 .bss.Serial    0x20070ae8       0x24 C:\Users\joaoc\AppData\Local\Temp\VMicroBuilds\Resolver\arduino_due_x_dbg/core.a(variant.cpp.o)
                0x20070ae8                Serial
 .bss.rx_buffer1
                0x20070b0c       0x88 C:\Users\joaoc\AppData\Local\Temp\VMicroBuilds\Resolver\arduino_due_x_dbg/core.a(variant.cpp.o)
                0x20070b0c                rx_buffer1
 .bss.Serial1   0x20070b94       0x28 C:\Users\joaoc\AppData\Local\Temp\VMicroBuilds\Resolver\arduino_due_x_dbg/core.a(variant.cpp.o)
                0x20070b94                Serial1
 .bss.Serial2   0x20070bbc       0x28 C:\Users\joaoc\AppData\Local\Temp\VMicroBuilds\Resolver\arduino_due_x_dbg/core.a(variant.cpp.o)
                0x20070bbc                Serial2
 .bss.Serial3   0x20070be4       0x28 C:\Users\joaoc\AppData\Local\Temp\VMicroBuilds\Resolver\arduino_due_x_dbg/core.a(variant.cpp.o)
                0x20070be4                Serial3
 .bss.tx_buffer3
                0x20070c0c       0x88 C:\Users\joaoc\AppData\Local\Temp\VMicroBuilds\Resolver\arduino_due_x_dbg/core.a(variant.cpp.o)
                0x20070c0c                tx_buffer3
 .bss.tx_buffer4
                0x20070c94       0x88 C:\Users\joaoc\AppData\Local\Temp\VMicroBuilds\Resolver\arduino_due_x_dbg/core.a(variant.cpp.o)
                0x20070c94                tx_buffer4
 .bss.rx_buffer2
                0x20070d1c       0x88 C:\Users\joaoc\AppData\Local\Temp\VMicroBuilds\Resolver\arduino_due_x_dbg/core.a(variant.cpp.o)
                0x20070d1c                rx_buffer2
 .bss.rx_buffer3
                0x20070da4       0x88 C:\Users\joaoc\AppData\Local\Temp\VMicroBuilds\Resolver\arduino_due_x_dbg/core.a(variant.cpp.o)
                0x20070da4                rx_buffer3
 .bss.rx_buffer4
                0x20070e2c       0x88 C:\Users\joaoc\AppData\Local\Temp\VMicroBuilds\Resolver\arduino_due_x_dbg/core.a(variant.cpp.o)
                0x20070e2c                rx_buffer4
 .bss.cdc_rx_buffer
                0x20070eb4      0x208 C:\Users\joaoc\AppData\Local\Temp\VMicroBuilds\Resolver\arduino_due_x_dbg/core.a(CDC.cpp.o)
                0x20070eb4                cdc_rx_buffer
 .bss._ZZN7Serial_6acceptEvE5guard
                0x200710bc        0x4 C:\Users\joaoc\AppData\Local\Temp\VMicroBuilds\Resolver\arduino_due_x_dbg/core.a(CDC.cpp.o)
 .bss.SerialUSB
                0x200710c0       0x14 C:\Users\joaoc\AppData\Local\Temp\VMicroBuilds\Resolver\arduino_due_x_dbg/core.a(CDC.cpp.o)
                0x200710c0                SerialUSB
 .bss.Mouse     0x200710d4        0x1 C:\Users\joaoc\AppData\Local\Temp\VMicroBuilds\Resolver\arduino_due_x_dbg/core.a(HID.cpp.o)
                0x200710d4                Mouse
 *fill*         0x200710d5        0x3 
 .bss.Keyboard  0x200710d8       0x10 C:\Users\joaoc\AppData\Local\Temp\VMicroBuilds\Resolver\arduino_due_x_dbg/core.a(HID.cpp.o)
                0x200710d8                Keyboard
 .bss._dwTickCount
                0x200710e8        0x4 C:\Users\joaoc\AppData\Local\arduino15\packages\arduino\hardware\sam\1.6.4\variants\arduino_due_x/libsam_sam3x8e_gcc_rel.a(timetick.o)
 .bss.ul_recv_fifo_ptr
                0x200710ec       0x28 C:\Users\joaoc\AppData\Local\arduino15\packages\arduino\hardware\sam\1.6.4\variants\arduino_due_x/libsam_sam3x8e_gcc_rel.a(uotghs_device.o)
 .bss.ul_send_fifo_ptr
                0x20071114       0x28 C:\Users\joaoc\AppData\Local\arduino15\packages\arduino\hardware\sam\1.6.4\variants\arduino_due_x/libsam_sam3x8e_gcc_rel.a(uotghs_device.o)
 .bss.__malloc_max_total_mem
                0x2007113c        0x4 c:/users/joaoc/appdata/local/arduino15/packages/arduino/tools/arm-none-eabi-gcc/4.8.3-2014q1/bin/../lib/gcc/arm-none-eabi/4.8.3/../../../../arm-none-eabi/lib/armv7-m\libg.a(lib_a-mallocr.o)
                0x2007113c                __malloc_max_total_mem
 .bss.__malloc_max_sbrked_mem
                0x20071140        0x4 c:/users/joaoc/appdata/local/arduino15/packages/arduino/tools/arm-none-eabi-gcc/4.8.3-2014q1/bin/../lib/gcc/arm-none-eabi/4.8.3/../../../../arm-none-eabi/lib/armv7-m\libg.a(lib_a-mallocr.o)
                0x20071140                __malloc_max_sbrked_mem
 .bss.__malloc_top_pad
                0x20071144        0x4 c:/users/joaoc/appdata/local/arduino15/packages/arduino/tools/arm-none-eabi-gcc/4.8.3-2014q1/bin/../lib/gcc/arm-none-eabi/4.8.3/../../../../arm-none-eabi/lib/armv7-m\libg.a(lib_a-mallocr.o)
                0x20071144                __malloc_top_pad
 .bss.__malloc_current_mallinfo
                0x20071148       0x28 c:/users/joaoc/appdata/local/arduino15/packages/arduino/tools/arm-none-eabi-gcc/4.8.3-2014q1/bin/../lib/gcc/arm-none-eabi/4.8.3/../../../../arm-none-eabi/lib/armv7-m\libg.a(lib_a-mallocr.o)
                0x20071148                __malloc_current_mallinfo
 *(COMMON)
 COMMON         0x20071170        0x4 c:/users/joaoc/appdata/local/arduino15/packages/arduino/tools/arm-none-eabi-gcc/4.8.3-2014q1/bin/../lib/gcc/arm-none-eabi/4.8.3/../../../../arm-none-eabi/lib/armv7-m\libg.a(lib_a-reent.o)
                0x20071170                errno
                0x20071174                . = ALIGN (0x4)
                0x20071174                _ebss = .
                0x20071174                _ezero = .
                0x20071174                . = ALIGN (0x4)
                0x20071174                _end = .

.stack_dummy    0x20071174        0x0
 *(.stack*)
                0x20088000                __StackTop = (ORIGIN (ram) + 0x18000)
                0x20088000                __StackLimit = (__StackTop - SIZEOF (.stack_dummy))
                0x20088000                PROVIDE (_sstack, __StackLimit)
                0x20088000                PROVIDE (_estack, __StackTop)
OUTPUT(C:\Users\joaoc\AppData\Local\Temp\VMicroBuilds\Resolver\arduino_due_x_dbg/Resolver.ino.elf elf32-littlearm)

.ARM.attributes
                0x00000000       0x29
 .ARM.attributes
                0x00000000       0x1d c:/users/joaoc/appdata/local/arduino15/packages/arduino/tools/arm-none-eabi-gcc/4.8.3-2014q1/bin/../lib/gcc/arm-none-eabi/4.8.3/armv7-m/crti.o
 .ARM.attributes
                0x0000001d       0x2d c:/users/joaoc/appdata/local/arduino15/packages/arduino/tools/arm-none-eabi-gcc/4.8.3-2014q1/bin/../lib/gcc/arm-none-eabi/4.8.3/armv7-m/crtbegin.o
 .ARM.attributes
                0x0000004a       0x33 C:\Users\joaoc\AppData\Local\Temp\VMicroBuilds\Resolver\arduino_due_x_dbg/core/syscalls_sam3.c.o
 .ARM.attributes
                0x0000007d       0x33 C:\Users\joaoc\AppData\Local\Temp\VMicroBuilds\Resolver\arduino_due_x_dbg\Resolver.cpp.o
 .ARM.attributes
                0x000000b0       0x33 C:\Users\joaoc\AppData\Local\Temp\VMicroBuilds\Resolver\arduino_due_x_dbg\LiquidCrystal\LiquidCrystal.cpp.o
 .ARM.attributes
                0x000000e3       0x31 C:\Users\joaoc\AppData\Local\arduino15\packages\arduino\hardware\sam\1.6.4\variants\arduino_due_x/libsam_sam3x8e_gcc_rel.a(startup_sam3xa.o)
 .ARM.attributes
                0x00000114       0x31 C:\Users\joaoc\AppData\Local\arduino15\packages\arduino\hardware\sam\1.6.4\variants\arduino_due_x/libsam_sam3x8e_gcc_rel.a(uotghs.o)
 .ARM.attributes
                0x00000145       0x33 C:\Users\joaoc\AppData\Local\Temp\VMicroBuilds\Resolver\arduino_due_x_dbg/core.a(cortex_handlers.c.o)
 .ARM.attributes
                0x00000178       0x33 C:\Users\joaoc\AppData\Local\Temp\VMicroBuilds\Resolver\arduino_due_x_dbg/core.a(hooks.c.o)
 .ARM.attributes
                0x000001ab       0x33 C:\Users\joaoc\AppData\Local\Temp\VMicroBuilds\Resolver\arduino_due_x_dbg/core.a(wiring.c.o)
 .ARM.attributes
                0x000001de       0x33 C:\Users\joaoc\AppData\Local\Temp\VMicroBuilds\Resolver\arduino_due_x_dbg/core.a(wiring_analog.c.o)
 .ARM.attributes
                0x00000211       0x33 C:\Users\joaoc\AppData\Local\Temp\VMicroBuilds\Resolver\arduino_due_x_dbg/core.a(wiring_digital.c.o)
 .ARM.attributes
                0x00000244       0x33 C:\Users\joaoc\AppData\Local\Temp\VMicroBuilds\Resolver\arduino_due_x_dbg/core.a(main.cpp.o)
 .ARM.attributes
                0x00000277       0x33 C:\Users\joaoc\AppData\Local\Temp\VMicroBuilds\Resolver\arduino_due_x_dbg/core.a(Print.cpp.o)
 .ARM.attributes
                0x000002aa       0x33 C:\Users\joaoc\AppData\Local\Temp\VMicroBuilds\Resolver\arduino_due_x_dbg/core.a(Reset.cpp.o)
 .ARM.attributes
                0x000002dd       0x33 C:\Users\joaoc\AppData\Local\Temp\VMicroBuilds\Resolver\arduino_due_x_dbg/core.a(WMath.cpp.o)
 .ARM.attributes
                0x00000310       0x33 C:\Users\joaoc\AppData\Local\Temp\VMicroBuilds\Resolver\arduino_due_x_dbg/core.a(WString.cpp.o)
 .ARM.attributes
                0x00000343       0x33 C:\Users\joaoc\AppData\Local\Temp\VMicroBuilds\Resolver\arduino_due_x_dbg/core.a(USBCore.cpp.o)
 .ARM.attributes
                0x00000376       0x33 C:\Users\joaoc\AppData\Local\Temp\VMicroBuilds\Resolver\arduino_due_x_dbg/core.a(variant.cpp.o)
 .ARM.attributes
                0x000003a9       0x33 C:\Users\joaoc\AppData\Local\Temp\VMicroBuilds\Resolver\arduino_due_x_dbg/core.a(itoa.c.o)
 .ARM.attributes
                0x000003dc       0x33 C:\Users\joaoc\AppData\Local\Temp\VMicroBuilds\Resolver\arduino_due_x_dbg/core.a(RingBuffer.cpp.o)
 .ARM.attributes
                0x0000040f       0x33 C:\Users\joaoc\AppData\Local\Temp\VMicroBuilds\Resolver\arduino_due_x_dbg/core.a(UARTClass.cpp.o)
 .ARM.attributes
                0x00000442       0x33 C:\Users\joaoc\AppData\Local\Temp\VMicroBuilds\Resolver\arduino_due_x_dbg/core.a(USARTClass.cpp.o)
 .ARM.attributes
                0x00000475       0x33 C:\Users\joaoc\AppData\Local\Temp\VMicroBuilds\Resolver\arduino_due_x_dbg/core.a(CDC.cpp.o)
 .ARM.attributes
                0x000004a8       0x33 C:\Users\joaoc\AppData\Local\Temp\VMicroBuilds\Resolver\arduino_due_x_dbg/core.a(HID.cpp.o)
 .ARM.attributes
                0x000004db       0x31 C:\Users\joaoc\AppData\Local\arduino15\packages\arduino\hardware\sam\1.6.4\variants\arduino_due_x/libsam_sam3x8e_gcc_rel.a(pio.o)
 .ARM.attributes
                0x0000050c       0x31 C:\Users\joaoc\AppData\Local\arduino15\packages\arduino\hardware\sam\1.6.4\variants\arduino_due_x/libsam_sam3x8e_gcc_rel.a(pmc.o)
 .ARM.attributes
                0x0000053d       0x31 C:\Users\joaoc\AppData\Local\arduino15\packages\arduino\hardware\sam\1.6.4\variants\arduino_due_x/libsam_sam3x8e_gcc_rel.a(timetick.o)
 .ARM.attributes
                0x0000056e       0x31 C:\Users\joaoc\AppData\Local\arduino15\packages\arduino\hardware\sam\1.6.4\variants\arduino_due_x/libsam_sam3x8e_gcc_rel.a(wdt.o)
 .ARM.attributes
                0x0000059f       0x31 C:\Users\joaoc\AppData\Local\arduino15\packages\arduino\hardware\sam\1.6.4\variants\arduino_due_x/libsam_sam3x8e_gcc_rel.a(system_sam3xa.o)
 .ARM.attributes
                0x000005d0       0x31 C:\Users\joaoc\AppData\Local\arduino15\packages\arduino\hardware\sam\1.6.4\variants\arduino_due_x/libsam_sam3x8e_gcc_rel.a(adc.o)
 .ARM.attributes
                0x00000601       0x31 C:\Users\joaoc\AppData\Local\arduino15\packages\arduino\hardware\sam\1.6.4\variants\arduino_due_x/libsam_sam3x8e_gcc_rel.a(interrupt_sam_nvic.o)
 .ARM.attributes
                0x00000632       0x31 C:\Users\joaoc\AppData\Local\arduino15\packages\arduino\hardware\sam\1.6.4\variants\arduino_due_x/libsam_sam3x8e_gcc_rel.a(uotghs_device.o)
 .ARM.attributes
                0x00000663       0x2d c:/users/joaoc/appdata/local/arduino15/packages/arduino/tools/arm-none-eabi-gcc/4.8.3-2014q1/bin/../lib/gcc/arm-none-eabi/4.8.3/../../../../arm-none-eabi/lib/armv7-m\libg.a(lib_a-impure.o)
 .ARM.attributes
                0x00000690       0x2d c:/users/joaoc/appdata/local/arduino15/packages/arduino/tools/arm-none-eabi-gcc/4.8.3-2014q1/bin/../lib/gcc/arm-none-eabi/4.8.3/../../../../arm-none-eabi/lib/armv7-m\libg.a(lib_a-init.o)
 .ARM.attributes
                0x000006bd       0x2d c:/users/joaoc/appdata/local/arduino15/packages/arduino/tools/arm-none-eabi-gcc/4.8.3-2014q1/bin/../lib/gcc/arm-none-eabi/4.8.3/../../../../arm-none-eabi/lib/armv7-m\libg.a(lib_a-malloc.o)
 .ARM.attributes
                0x000006ea       0x2d c:/users/joaoc/appdata/local/arduino15/packages/arduino/tools/arm-none-eabi-gcc/4.8.3-2014q1/bin/../lib/gcc/arm-none-eabi/4.8.3/../../../../arm-none-eabi/lib/armv7-m\libg.a(lib_a-mallocr.o)
 .ARM.attributes
                0x00000717       0x2d c:/users/joaoc/appdata/local/arduino15/packages/arduino/tools/arm-none-eabi-gcc/4.8.3-2014q1/bin/../lib/gcc/arm-none-eabi/4.8.3/../../../../arm-none-eabi/lib/armv7-m\libg.a(lib_a-memmove.o)
 .ARM.attributes
                0x00000744       0x2d c:/users/joaoc/appdata/local/arduino15/packages/arduino/tools/arm-none-eabi-gcc/4.8.3-2014q1/bin/../lib/gcc/arm-none-eabi/4.8.3/../../../../arm-none-eabi/lib/armv7-m\libg.a(lib_a-memset.o)
 .ARM.attributes
                0x00000771       0x2d c:/users/joaoc/appdata/local/arduino15/packages/arduino/tools/arm-none-eabi-gcc/4.8.3-2014q1/bin/../lib/gcc/arm-none-eabi/4.8.3/../../../../arm-none-eabi/lib/armv7-m\libg.a(lib_a-mlock.o)
 .ARM.attributes
                0x0000079e       0x2d c:/users/joaoc/appdata/local/arduino15/packages/arduino/tools/arm-none-eabi-gcc/4.8.3-2014q1/bin/../lib/gcc/arm-none-eabi/4.8.3/../../../../arm-none-eabi/lib/armv7-m\libg.a(lib_a-realloc.o)
 .ARM.attributes
                0x000007cb       0x2d c:/users/joaoc/appdata/local/arduino15/packages/arduino/tools/arm-none-eabi-gcc/4.8.3-2014q1/bin/../lib/gcc/arm-none-eabi/4.8.3/../../../../arm-none-eabi/lib/armv7-m\libg.a(lib_a-reallocr.o)
 .ARM.attributes
                0x000007f8       0x2d c:/users/joaoc/appdata/local/arduino15/packages/arduino/tools/arm-none-eabi-gcc/4.8.3-2014q1/bin/../lib/gcc/arm-none-eabi/4.8.3/../../../../arm-none-eabi/lib/armv7-m\libg.a(lib_a-sbrkr.o)
 .ARM.attributes
                0x00000825       0x1b c:/users/joaoc/appdata/local/arduino15/packages/arduino/tools/arm-none-eabi-gcc/4.8.3-2014q1/bin/../lib/gcc/arm-none-eabi/4.8.3/../../../../arm-none-eabi/lib/armv7-m\libg.a(lib_a-strcmp.o)
 .ARM.attributes
                0x00000840       0x2d c:/users/joaoc/appdata/local/arduino15/packages/arduino/tools/arm-none-eabi-gcc/4.8.3-2014q1/bin/../lib/gcc/arm-none-eabi/4.8.3/../../../../arm-none-eabi/lib/armv7-m\libg.a(lib_a-strcpy.o)
 .ARM.attributes
                0x0000086d       0x2d c:/users/joaoc/appdata/local/arduino15/packages/arduino/tools/arm-none-eabi-gcc/4.8.3-2014q1/bin/../lib/gcc/arm-none-eabi/4.8.3/../../../../arm-none-eabi/lib/armv7-m\libg.a(lib_a-strlen.o)
 .ARM.attributes
                0x0000089a       0x2d c:/users/joaoc/appdata/local/arduino15/packages/arduino/tools/arm-none-eabi-gcc/4.8.3-2014q1/bin/../lib/gcc/arm-none-eabi/4.8.3/../../../../arm-none-eabi/lib/armv7-m\libg.a(lib_a-__call_atexit.o)
 .ARM.attributes
                0x000008c7       0x2d c:/users/joaoc/appdata/local/arduino15/packages/arduino/tools/arm-none-eabi-gcc/4.8.3-2014q1/bin/../lib/gcc/arm-none-eabi/4.8.3/../../../../arm-none-eabi/lib/armv7-m\libg.a(lib_a-atexit.o)
 .ARM.attributes
                0x000008f4       0x2d c:/users/joaoc/appdata/local/arduino15/packages/arduino/tools/arm-none-eabi-gcc/4.8.3-2014q1/bin/../lib/gcc/arm-none-eabi/4.8.3/../../../../arm-none-eabi/lib/armv7-m\libg.a(lib_a-fini.o)
 .ARM.attributes
                0x00000921       0x2d c:/users/joaoc/appdata/local/arduino15/packages/arduino/tools/arm-none-eabi-gcc/4.8.3-2014q1/bin/../lib/gcc/arm-none-eabi/4.8.3/../../../../arm-none-eabi/lib/armv7-m\libg.a(lib_a-freer.o)
 .ARM.attributes
                0x0000094e       0x2d c:/users/joaoc/appdata/local/arduino15/packages/arduino/tools/arm-none-eabi-gcc/4.8.3-2014q1/bin/../lib/gcc/arm-none-eabi/4.8.3/../../../../arm-none-eabi/lib/armv7-m\libg.a(lib_a-reent.o)
 .ARM.attributes
                0x0000097b       0x2d c:/users/joaoc/appdata/local/arduino15/packages/arduino/tools/arm-none-eabi-gcc/4.8.3-2014q1/bin/../lib/gcc/arm-none-eabi/4.8.3/../../../../arm-none-eabi/lib/armv7-m\libg.a(lib_a-__atexit.o)
 .ARM.attributes
                0x000009a8       0x1d c:/users/joaoc/appdata/local/arduino15/packages/arduino/tools/arm-none-eabi-gcc/4.8.3-2014q1/bin/../lib/gcc/arm-none-eabi/4.8.3/armv7-m/crtn.o

.comment        0x00000000       0x9a
 .comment       0x00000000       0x70 C:\Users\joaoc\AppData\Local\Temp\VMicroBuilds\Resolver\arduino_due_x_dbg/core/syscalls_sam3.c.o
                                 0x71 (size before relaxing)
 .comment       0x00000000       0x71 C:\Users\joaoc\AppData\Local\Temp\VMicroBuilds\Resolver\arduino_due_x_dbg\Resolver.cpp.o
 .comment       0x00000000       0x71 C:\Users\joaoc\AppData\Local\Temp\VMicroBuilds\Resolver\arduino_due_x_dbg\LiquidCrystal\LiquidCrystal.cpp.o
 .comment       0x00000070       0x2a C:\Users\joaoc\AppData\Local\arduino15\packages\arduino\hardware\sam\1.6.4\variants\arduino_due_x/libsam_sam3x8e_gcc_rel.a(startup_sam3xa.o)
                                 0x2b (size before relaxing)
 .comment       0x00000000       0x2b C:\Users\joaoc\AppData\Local\arduino15\packages\arduino\hardware\sam\1.6.4\variants\arduino_due_x/libsam_sam3x8e_gcc_rel.a(uotghs.o)
 .comment       0x00000000       0x71 C:\Users\joaoc\AppData\Local\Temp\VMicroBuilds\Resolver\arduino_due_x_dbg/core.a(cortex_handlers.c.o)
 .comment       0x00000000       0x71 C:\Users\joaoc\AppData\Local\Temp\VMicroBuilds\Resolver\arduino_due_x_dbg/core.a(hooks.c.o)
 .comment       0x00000000       0x71 C:\Users\joaoc\AppData\Local\Temp\VMicroBuilds\Resolver\arduino_due_x_dbg/core.a(wiring.c.o)
 .comment       0x00000000       0x71 C:\Users\joaoc\AppData\Local\Temp\VMicroBuilds\Resolver\arduino_due_x_dbg/core.a(wiring_analog.c.o)
 .comment       0x00000000       0x71 C:\Users\joaoc\AppData\Local\Temp\VMicroBuilds\Resolver\arduino_due_x_dbg/core.a(wiring_digital.c.o)
 .comment       0x00000000       0x71 C:\Users\joaoc\AppData\Local\Temp\VMicroBuilds\Resolver\arduino_due_x_dbg/core.a(main.cpp.o)
 .comment       0x00000000       0x71 C:\Users\joaoc\AppData\Local\Temp\VMicroBuilds\Resolver\arduino_due_x_dbg/core.a(Print.cpp.o)
 .comment       0x00000000       0x71 C:\Users\joaoc\AppData\Local\Temp\VMicroBuilds\Resolver\arduino_due_x_dbg/core.a(Reset.cpp.o)
 .comment       0x00000000       0x71 C:\Users\joaoc\AppData\Local\Temp\VMicroBuilds\Resolver\arduino_due_x_dbg/core.a(WMath.cpp.o)
 .comment       0x00000000       0x71 C:\Users\joaoc\AppData\Local\Temp\VMicroBuilds\Resolver\arduino_due_x_dbg/core.a(WString.cpp.o)
 .comment       0x00000000       0x71 C:\Users\joaoc\AppData\Local\Temp\VMicroBuilds\Resolver\arduino_due_x_dbg/core.a(USBCore.cpp.o)
 .comment       0x00000000       0x71 C:\Users\joaoc\AppData\Local\Temp\VMicroBuilds\Resolver\arduino_due_x_dbg/core.a(variant.cpp.o)
 .comment       0x00000000       0x71 C:\Users\joaoc\AppData\Local\Temp\VMicroBuilds\Resolver\arduino_due_x_dbg/core.a(itoa.c.o)
 .comment       0x00000000       0x71 C:\Users\joaoc\AppData\Local\Temp\VMicroBuilds\Resolver\arduino_due_x_dbg/core.a(RingBuffer.cpp.o)
 .comment       0x00000000       0x71 C:\Users\joaoc\AppData\Local\Temp\VMicroBuilds\Resolver\arduino_due_x_dbg/core.a(UARTClass.cpp.o)
 .comment       0x00000000       0x71 C:\Users\joaoc\AppData\Local\Temp\VMicroBuilds\Resolver\arduino_due_x_dbg/core.a(USARTClass.cpp.o)
 .comment       0x00000000       0x71 C:\Users\joaoc\AppData\Local\Temp\VMicroBuilds\Resolver\arduino_due_x_dbg/core.a(CDC.cpp.o)
 .comment       0x00000000       0x71 C:\Users\joaoc\AppData\Local\Temp\VMicroBuilds\Resolver\arduino_due_x_dbg/core.a(HID.cpp.o)
 .comment       0x00000000       0x2b C:\Users\joaoc\AppData\Local\arduino15\packages\arduino\hardware\sam\1.6.4\variants\arduino_due_x/libsam_sam3x8e_gcc_rel.a(pio.o)
 .comment       0x00000000       0x2b C:\Users\joaoc\AppData\Local\arduino15\packages\arduino\hardware\sam\1.6.4\variants\arduino_due_x/libsam_sam3x8e_gcc_rel.a(pmc.o)
 .comment       0x00000000       0x2b C:\Users\joaoc\AppData\Local\arduino15\packages\arduino\hardware\sam\1.6.4\variants\arduino_due_x/libsam_sam3x8e_gcc_rel.a(timetick.o)
 .comment       0x00000000       0x2b C:\Users\joaoc\AppData\Local\arduino15\packages\arduino\hardware\sam\1.6.4\variants\arduino_due_x/libsam_sam3x8e_gcc_rel.a(wdt.o)
 .comment       0x00000000       0x2b C:\Users\joaoc\AppData\Local\arduino15\packages\arduino\hardware\sam\1.6.4\variants\arduino_due_x/libsam_sam3x8e_gcc_rel.a(system_sam3xa.o)
 .comment       0x00000000       0x2b C:\Users\joaoc\AppData\Local\arduino15\packages\arduino\hardware\sam\1.6.4\variants\arduino_due_x/libsam_sam3x8e_gcc_rel.a(adc.o)
 .comment       0x00000000       0x2b C:\Users\joaoc\AppData\Local\arduino15\packages\arduino\hardware\sam\1.6.4\variants\arduino_due_x/libsam_sam3x8e_gcc_rel.a(interrupt_sam_nvic.o)
 .comment       0x00000000       0x2b C:\Users\joaoc\AppData\Local\arduino15\packages\arduino\hardware\sam\1.6.4\variants\arduino_due_x/libsam_sam3x8e_gcc_rel.a(uotghs_device.o)

.debug_info     0x00000000    0x17811
 .debug_info    0x00000000      0x624 C:\Users\joaoc\AppData\Local\Temp\VMicroBuilds\Resolver\arduino_due_x_dbg/core/syscalls_sam3.c.o
 .debug_info    0x00000624     0x20d8 C:\Users\joaoc\AppData\Local\Temp\VMicroBuilds\Resolver\arduino_due_x_dbg\Resolver.cpp.o
 .debug_info    0x000026fc     0x1ae6 C:\Users\joaoc\AppData\Local\Temp\VMicroBuilds\Resolver\arduino_due_x_dbg\LiquidCrystal\LiquidCrystal.cpp.o
 .debug_info    0x000041e2      0x2aa C:\Users\joaoc\AppData\Local\Temp\VMicroBuilds\Resolver\arduino_due_x_dbg/core.a(cortex_handlers.c.o)
 .debug_info    0x0000448c       0x60 C:\Users\joaoc\AppData\Local\Temp\VMicroBuilds\Resolver\arduino_due_x_dbg/core.a(hooks.c.o)
 .debug_info    0x000044ec      0x4ff C:\Users\joaoc\AppData\Local\Temp\VMicroBuilds\Resolver\arduino_due_x_dbg/core.a(wiring.c.o)
 .debug_info    0x000049eb     0x1d1e C:\Users\joaoc\AppData\Local\Temp\VMicroBuilds\Resolver\arduino_due_x_dbg/core.a(wiring_analog.c.o)
 .debug_info    0x00006709      0xa30 C:\Users\joaoc\AppData\Local\Temp\VMicroBuilds\Resolver\arduino_due_x_dbg/core.a(wiring_digital.c.o)
 .debug_info    0x00007139      0x367 C:\Users\joaoc\AppData\Local\Temp\VMicroBuilds\Resolver\arduino_due_x_dbg/core.a(main.cpp.o)
 .debug_info    0x000074a0     0x24b4 C:\Users\joaoc\AppData\Local\Temp\VMicroBuilds\Resolver\arduino_due_x_dbg/core.a(Print.cpp.o)
 .debug_info    0x00009954      0x38b C:\Users\joaoc\AppData\Local\Temp\VMicroBuilds\Resolver\arduino_due_x_dbg/core.a(Reset.cpp.o)
 .debug_info    0x00009cdf      0x26a C:\Users\joaoc\AppData\Local\Temp\VMicroBuilds\Resolver\arduino_due_x_dbg/core.a(WMath.cpp.o)
 .debug_info    0x00009f49     0x36a6 C:\Users\joaoc\AppData\Local\Temp\VMicroBuilds\Resolver\arduino_due_x_dbg/core.a(WString.cpp.o)
 .debug_info    0x0000d5ef     0x1cf6 C:\Users\joaoc\AppData\Local\Temp\VMicroBuilds\Resolver\arduino_due_x_dbg/core.a(USBCore.cpp.o)
 .debug_info    0x0000f2e5     0x1a37 C:\Users\joaoc\AppData\Local\Temp\VMicroBuilds\Resolver\arduino_due_x_dbg/core.a(variant.cpp.o)
 .debug_info    0x00010d1c      0x275 C:\Users\joaoc\AppData\Local\Temp\VMicroBuilds\Resolver\arduino_due_x_dbg/core.a(itoa.c.o)
 .debug_info    0x00010f91      0x1ea C:\Users\joaoc\AppData\Local\Temp\VMicroBuilds\Resolver\arduino_due_x_dbg/core.a(RingBuffer.cpp.o)
 .debug_info    0x0001117b     0x2180 C:\Users\joaoc\AppData\Local\Temp\VMicroBuilds\Resolver\arduino_due_x_dbg/core.a(UARTClass.cpp.o)
 .debug_info    0x000132fb      0xb94 C:\Users\joaoc\AppData\Local\Temp\VMicroBuilds\Resolver\arduino_due_x_dbg/core.a(USARTClass.cpp.o)
 .debug_info    0x00013e8f     0x28dd C:\Users\joaoc\AppData\Local\Temp\VMicroBuilds\Resolver\arduino_due_x_dbg/core.a(CDC.cpp.o)